Archive member included to satisfy reference by file (symbol)

/home/selim/.eclipse/com.st.stm32cube.ide.mcu.rcp.product_1.3.0_17665241_linux_gtk_x86_64/plugins/com.st.stm32cube.ide.mcu.externaltools.gnu-tools-for-stm32.7-2018-q2-update.linux64_1.4.0.202007081208/tools/bin/../lib/gcc/arm-none-eabi/7.3.1/../../../../arm-none-eabi/lib/thumb/v6-m/libc_nano.a(lib_a-errno.o)
                              Core/Src/syscalls.o (__errno)
/home/selim/.eclipse/com.st.stm32cube.ide.mcu.rcp.product_1.3.0_17665241_linux_gtk_x86_64/plugins/com.st.stm32cube.ide.mcu.externaltools.gnu-tools-for-stm32.7-2018-q2-update.linux64_1.4.0.202007081208/tools/bin/../lib/gcc/arm-none-eabi/7.3.1/../../../../arm-none-eabi/lib/thumb/v6-m/libc_nano.a(lib_a-exit.o)
                              /home/selim/.eclipse/com.st.stm32cube.ide.mcu.rcp.product_1.3.0_17665241_linux_gtk_x86_64/plugins/com.st.stm32cube.ide.mcu.externaltools.gnu-tools-for-stm32.7-2018-q2-update.linux64_1.4.0.202007081208/tools/bin/../lib/gcc/arm-none-eabi/7.3.1/../../../../arm-none-eabi/lib/thumb/v6-m/crt0.o (exit)
/home/selim/.eclipse/com.st.stm32cube.ide.mcu.rcp.product_1.3.0_17665241_linux_gtk_x86_64/plugins/com.st.stm32cube.ide.mcu.externaltools.gnu-tools-for-stm32.7-2018-q2-update.linux64_1.4.0.202007081208/tools/bin/../lib/gcc/arm-none-eabi/7.3.1/../../../../arm-none-eabi/lib/thumb/v6-m/libc_nano.a(lib_a-impure.o)
                              /home/selim/.eclipse/com.st.stm32cube.ide.mcu.rcp.product_1.3.0_17665241_linux_gtk_x86_64/plugins/com.st.stm32cube.ide.mcu.externaltools.gnu-tools-for-stm32.7-2018-q2-update.linux64_1.4.0.202007081208/tools/bin/../lib/gcc/arm-none-eabi/7.3.1/../../../../arm-none-eabi/lib/thumb/v6-m/libc_nano.a(lib_a-exit.o) (_global_impure_ptr)
/home/selim/.eclipse/com.st.stm32cube.ide.mcu.rcp.product_1.3.0_17665241_linux_gtk_x86_64/plugins/com.st.stm32cube.ide.mcu.externaltools.gnu-tools-for-stm32.7-2018-q2-update.linux64_1.4.0.202007081208/tools/bin/../lib/gcc/arm-none-eabi/7.3.1/../../../../arm-none-eabi/lib/thumb/v6-m/libc_nano.a(lib_a-init.o)
                              /home/selim/.eclipse/com.st.stm32cube.ide.mcu.rcp.product_1.3.0_17665241_linux_gtk_x86_64/plugins/com.st.stm32cube.ide.mcu.externaltools.gnu-tools-for-stm32.7-2018-q2-update.linux64_1.4.0.202007081208/tools/bin/../lib/gcc/arm-none-eabi/7.3.1/../../../../arm-none-eabi/lib/thumb/v6-m/crt0.o (__libc_init_array)
/home/selim/.eclipse/com.st.stm32cube.ide.mcu.rcp.product_1.3.0_17665241_linux_gtk_x86_64/plugins/com.st.stm32cube.ide.mcu.externaltools.gnu-tools-for-stm32.7-2018-q2-update.linux64_1.4.0.202007081208/tools/bin/../lib/gcc/arm-none-eabi/7.3.1/../../../../arm-none-eabi/lib/thumb/v6-m/libc_nano.a(lib_a-memcpy-stub.o)
                              SX1278/driver/SX1278.o (memcpy)
/home/selim/.eclipse/com.st.stm32cube.ide.mcu.rcp.product_1.3.0_17665241_linux_gtk_x86_64/plugins/com.st.stm32cube.ide.mcu.externaltools.gnu-tools-for-stm32.7-2018-q2-update.linux64_1.4.0.202007081208/tools/bin/../lib/gcc/arm-none-eabi/7.3.1/../../../../arm-none-eabi/lib/thumb/v6-m/libc_nano.a(lib_a-memset.o)
                              /home/selim/.eclipse/com.st.stm32cube.ide.mcu.rcp.product_1.3.0_17665241_linux_gtk_x86_64/plugins/com.st.stm32cube.ide.mcu.externaltools.gnu-tools-for-stm32.7-2018-q2-update.linux64_1.4.0.202007081208/tools/bin/../lib/gcc/arm-none-eabi/7.3.1/../../../../arm-none-eabi/lib/thumb/v6-m/crt0.o (memset)
/home/selim/.eclipse/com.st.stm32cube.ide.mcu.rcp.product_1.3.0_17665241_linux_gtk_x86_64/plugins/com.st.stm32cube.ide.mcu.externaltools.gnu-tools-for-stm32.7-2018-q2-update.linux64_1.4.0.202007081208/tools/bin/../lib/gcc/arm-none-eabi/7.3.1/../../../../arm-none-eabi/lib/thumb/v6-m/libc_nano.a(lib_a-printf.o)
                              Core/Src/main.o (printf)
/home/selim/.eclipse/com.st.stm32cube.ide.mcu.rcp.product_1.3.0_17665241_linux_gtk_x86_64/plugins/com.st.stm32cube.ide.mcu.externaltools.gnu-tools-for-stm32.7-2018-q2-update.linux64_1.4.0.202007081208/tools/bin/../lib/gcc/arm-none-eabi/7.3.1/../../../../arm-none-eabi/lib/thumb/v6-m/libc_nano.a(lib_a-puts.o)
                              Core/Src/main.o (puts)
/home/selim/.eclipse/com.st.stm32cube.ide.mcu.rcp.product_1.3.0_17665241_linux_gtk_x86_64/plugins/com.st.stm32cube.ide.mcu.externaltools.gnu-tools-for-stm32.7-2018-q2-update.linux64_1.4.0.202007081208/tools/bin/../lib/gcc/arm-none-eabi/7.3.1/../../../../arm-none-eabi/lib/thumb/v6-m/libc_nano.a(lib_a-sprintf.o)
                              Core/Src/main.o (sprintf)
/home/selim/.eclipse/com.st.stm32cube.ide.mcu.rcp.product_1.3.0_17665241_linux_gtk_x86_64/plugins/com.st.stm32cube.ide.mcu.externaltools.gnu-tools-for-stm32.7-2018-q2-update.linux64_1.4.0.202007081208/tools/bin/../lib/gcc/arm-none-eabi/7.3.1/../../../../arm-none-eabi/lib/thumb/v6-m/libc_nano.a(lib_a-wbuf.o)
[...]
Memory Configuration

Name             Origin             Length             Attributes
RAM              0x0000000020000000 0x0000000000004000 xrw
FLASH            0x0000000008000000 0x0000000000020000 xr
*default*        0x0000000000000000 0xffffffffffffffff

Linker script and memory map

LOAD /home/selim/.eclipse/com.st.stm32cube.ide.mcu.rcp.product_1.3.0_17665241_linux_gtk_x86_64/plugins/com.st.stm32cube.ide.mcu.externaltools.gnu-tools-for-stm32.7-2018-q2-update.linux64_1.4.0.202007081208/tools/bin/../lib/gcc/arm-none-eabi/7.3.1/thumb/v6-m/crti.o
LOAD /home/selim/.eclipse/com.st.stm32cube.ide.mcu.rcp.product_1.3.0_17665241_linux_gtk_x86_64/plugins/com.st.stm32cube.ide.mcu.externaltools.gnu-tools-for-stm32.7-2018-q2-update.linux64_1.4.0.202007081208/tools/bin/../lib/gcc/arm-none-eabi/7.3.1/thumb/v6-m/crtbegin.o
LOAD /home/selim/.eclipse/com.st.stm32cube.ide.mcu.rcp.product_1.3.0_17665241_linux_gtk_x86_64/plugins/com.st.stm32cube.ide.mcu.externaltools.gnu-tools-for-stm32.7-2018-q2-update.linux64_1.4.0.202007081208/tools/bin/../lib/gcc/arm-none-eabi/7.3.1/../../../../arm-none-eabi/lib/thumb/v6-m/crt0.o
LOAD Core/Src/gpio.o
LOAD Core/Src/main.o
LOAD Core/Src/spi.o
LOAD Core/Src/stm32f0xx_hal_msp.o
LOAD Core/Src/stm32f0xx_it.o
LOAD Core/Src/syscalls.o
LOAD Core/Src/sysmem.o
LOAD Core/Src/system_stm32f0xx.o
LOAD Core/Src/usart.o
LOAD Core/Startup/startup_stm32f072rbtx.o
LOAD Drivers/STM32F0xx_HAL_Driver/Src/stm32f0xx_hal.o
LOAD Drivers/STM32F0xx_HAL_Driver/Src/stm32f0xx_hal_cortex.o
LOAD Drivers/STM32F0xx_HAL_Driver/Src/stm32f0xx_hal_dma.o
LOAD Drivers/STM32F0xx_HAL_Driver/Src/stm32f0xx_hal_exti.o
LOAD Drivers/STM32F0xx_HAL_Driver/Src/stm32f0xx_hal_flash.o
LOAD Drivers/STM32F0xx_HAL_Driver/Src/stm32f0xx_hal_flash_ex.o
LOAD Drivers/STM32F0xx_HAL_Driver/Src/stm32f0xx_hal_gpio.o
LOAD Drivers/STM32F0xx_HAL_Driver/Src/stm32f0xx_hal_i2c.o
LOAD Drivers/STM32F0xx_HAL_Driver/Src/stm32f0xx_hal_i2c_ex.o
LOAD Drivers/STM32F0xx_HAL_Driver/Src/stm32f0xx_hal_pwr.o
LOAD Drivers/STM32F0xx_HAL_Driver/Src/stm32f0xx_hal_pwr_ex.o
LOAD Drivers/STM32F0xx_HAL_Driver/Src/stm32f0xx_hal_rcc.o
LOAD Drivers/STM32F0xx_HAL_Driver/Src/stm32f0xx_hal_rcc_ex.o
LOAD Drivers/STM32F0xx_HAL_Driver/Src/stm32f0xx_hal_spi.o
LOAD Drivers/STM32F0xx_HAL_Driver/Src/stm32f0xx_hal_spi_ex.o
LOAD Drivers/STM32F0xx_HAL_Driver/Src/stm32f0xx_hal_tim.o
LOAD Drivers/STM32F0xx_HAL_Driver/Src/stm32f0xx_hal_tim_ex.o
LOAD Drivers/STM32F0xx_HAL_Driver/Src/stm32f0xx_hal_uart.o
LOAD Drivers/STM32F0xx_HAL_Driver/Src/stm32f0xx_hal_uart_ex.o
LOAD SX1278/driver/SX1278.o
LOAD SX1278/driver/SX1278_hw.o
START GROUP
LOAD /home/selim/.eclipse/com.st.stm32cube.ide.mcu.rcp.product_1.3.0_17665241_linux_gtk_x86_64/plugins/com.st.stm32cube.ide.mcu.externaltools.gnu-tools-for-stm32.7-2018-q2-update.linux64_1.4.0.202007081208/tools/bin/../lib/gcc/arm-none-eabi/7.3.1/../../../../arm-none-eabi/lib/thumb/v6-m/libc_nano.a
LOAD /home/selim/.eclipse/com.st.stm32cube.ide.mcu.rcp.product_1.3.0_17665241_linux_gtk_x86_64/plugins/com.st.stm32cube.ide.mcu.externaltools.gnu-tools-for-stm32.7-2018-q2-update.linux64_1.4.0.202007081208/tools/bin/../lib/gcc/arm-none-eabi/7.3.1/../../../../arm-none-eabi/lib/thumb/v6-m/libm.a
END GROUP
START GROUP
LOAD /home/selim/.eclipse/com.st.stm32cube.ide.mcu.rcp.product_1.3.0_17665241_linux_gtk_x86_64/plugins/com.st.stm32cube.ide.mcu.externaltools.gnu-tools-for-stm32.7-2018-q2-update.linux64_1.4.0.202007081208/tools/bin/../lib/gcc/arm-none-eabi/7.3.1/thumb/v6-m/libgcc.a
LOAD /home/selim/.eclipse/com.st.stm32cube.ide.mcu.rcp.product_1.3.0_17665241_linux_gtk_x86_64/plugins/com.st.stm32cube.ide.mcu.externaltools.gnu-tools-for-stm32.7-2018-q2-update.linux64_1.4.0.202007081208/tools/bin/../lib/gcc/arm-none-eabi/7.3.1/../../../../arm-none-eabi/lib/thumb/v6-m/libc_nano.a
END GROUP
START GROUP
LOAD /home/selim/.eclipse/com.st.stm32cube.ide.mcu.rcp.product_1.3.0_17665241_linux_gtk_x86_64/plugins/com.st.stm32cube.ide.mcu.externaltools.gnu-tools-for-stm32.7-2018-q2-update.linux64_1.4.0.202007081208/tools/bin/../lib/gcc/arm-none-eabi/7.3.1/thumb/v6-m/libgcc.a
LOAD /home/selim/.eclipse/com.st.stm32cube.ide.mcu.rcp.product_1.3.0_17665241_linux_gtk_x86_64/plugins/com.st.stm32cube.ide.mcu.externaltools.gnu-tools-for-stm32.7-2018-q2-update.linux64_1.4.0.202007081208/tools/bin/../lib/gcc/arm-none-eabi/7.3.1/../../../../arm-none-eabi/lib/thumb/v6-m/libc_nano.a
LOAD /home/selim/.eclipse/com.st.stm32cube.ide.mcu.rcp.product_1.3.0_17665241_linux_gtk_x86_64/plugins/com.st.stm32cube.ide.mcu.externaltools.gnu-tools-for-stm32.7-2018-q2-update.linux64_1.4.0.202007081208/tools/bin/../lib/gcc/arm-none-eabi/7.3.1/../../../../arm-none-eabi/lib/thumb/v6-m/libnosys.a
END GROUP
START GROUP
LOAD /home/selim/.eclipse/com.st.stm32cube.ide.mcu.rcp.product_1.3.0_17665241_linux_gtk_x86_64/plugins/com.st.stm32cube.ide.mcu.externaltools.gnu-tools-for-stm32.7-2018-q2-update.linux64_1.4.0.202007081208/tools/bin/../lib/gcc/arm-none-eabi/7.3.1/thumb/v6-m/libgcc.a
LOAD /home/selim/.eclipse/com.st.stm32cube.ide.mcu.rcp.product_1.3.0_17665241_linux_gtk_x86_64/plugins/com.st.stm32cube.ide.mcu.externaltools.gnu-tools-for-stm32.7-2018-q2-update.linux64_1.4.0.202007081208/tools/bin/../lib/gcc/arm-none-eabi/7.3.1/../../../../arm-none-eabi/lib/thumb/v6-m/libc_nano.a
LOAD /home/selim/.eclipse/com.st.stm32cube.ide.mcu.rcp.product_1.3.0_17665241_linux_gtk_x86_64/plugins/com.st.stm32cube.ide.mcu.externaltools.gnu-tools-for-stm32.7-2018-q2-update.linux64_1.4.0.202007081208/tools/bin/../lib/gcc/arm-none-eabi/7.3.1/../../../../arm-none-eabi/lib/thumb/v6-m/libnosys.a
END GROUP
LOAD /home/selim/.eclipse/com.st.stm32cube.ide.mcu.rcp.product_1.3.0_17665241_linux_gtk_x86_64/plugins/com.st.stm32cube.ide.mcu.externaltools.gnu-tools-for-stm32.7-2018-q2-update.linux64_1.4.0.202007081208/tools/bin/../lib/gcc/arm-none-eabi/7.3.1/thumb/v6-m/crtend.o
LOAD /home/selim/.eclipse/com.st.stm32cube.ide.mcu.rcp.product_1.3.0_17665241_linux_gtk_x86_64/plugins/com.st.stm32cube.ide.mcu.externaltools.gnu-tools-for-stm32.7-2018-q2-update.linux64_1.4.0.202007081208/tools/bin/../lib/gcc/arm-none-eabi/7.3.1/thumb/v6-m/crtn.o
                0x0000000020004000                _estack = (ORIGIN (RAM) + LENGTH (RAM))
                0x0000000000000200                _Min_Heap_Size = 0x200
                0x0000000000000400                _Min_Stack_Size = 0x400

.isr_vector     0x0000000008000000       0xc0
                0x0000000008000000                . = ALIGN (0x4)
 *(.isr_vector)
 .isr_vector    0x0000000008000000       0xc0 Core/Startup/startup_stm32f072rbtx.o
                0x0000000008000000                g_pfnVectors
                0x00000000080000c0                . = ALIGN (0x4)

.text           0x00000000080000c0     0x4e78
                0x00000000080000c0                . = ALIGN (0x4)
 *(.text)
 .text          0x00000000080000c0       0x48 /home/selim/.eclipse/com.st.stm32cube.ide.mcu.rcp.product_1.3.0_17665241_linux_gtk_x86_64/plugins/com.st.stm32cube.ide.mcu.externaltools.gnu-tools-for-stm32.7-2018-q2-update.linux64_1.4.0.202007081208/tools/bin/../lib/gcc/arm-none-eabi/7.3.1/thumb/v6-m/crtbegin.o
 .text          0x0000000008000108      0x114 /home/selim/.eclipse/com.st.stm32cube.ide.mcu.rcp.product_1.3.0_17665241_linux_gtk_x86_64/plugins/com.st.stm32cube.ide.mcu.externaltools.gnu-tools-for-stm32.7-2018-q2-update.linux64_1.4.0.202007081208/tools/bin/../lib/gcc/arm-none-eabi/7.3.1/thumb/v6-m/libgcc.a(_udivsi3.o)
                0x0000000008000108                __udivsi3
                0x0000000008000108                __aeabi_uidiv
                0x0000000008000214                __aeabi_uidivmod
 .text          0x000000000800021c        0x4 /home/selim/.eclipse/com.st.stm32cube.ide.mcu.rcp.product_1.3.0_17665241_linux_gtk_x86_64/plugins/com.st.stm32cube.ide.mcu.externaltools.gnu-tools-for-stm32.7-2018-q2-update.linux64_1.4.0.202007081208/tools/bin/../lib/gcc/arm-none-eabi/7.3.1/thumb/v6-m/libgcc.a(_dvmd_tls.o)
                0x000000000800021c                __aeabi_ldiv0
                0x000000000800021c                __aeabi_idiv0
 .text          0x0000000008000220       0x40 /home/selim/.eclipse/com.st.stm32cube.ide.mcu.rcp.product_1.3.0_17665241_linux_gtk_x86_64/plugins/com.st.stm32cube.ide.mcu.externaltools.gnu-tools-for-stm32.7-2018-q2-update.linux64_1.4.0.202007081208/tools/bin/../lib/gcc/arm-none-eabi/7.3.1/thumb/v6-m/libgcc.a(_aeabi_uldivmod.o)
                0x0000000008000220                __aeabi_uldivmod
 .text          0x0000000008000260      0x184 /home/selim/.eclipse/com.st.stm32cube.ide.mcu.rcp.product_1.3.0_17665241_linux_gtk_x86_64/plugins/com.st.stm32cube.ide.mcu.externaltools.gnu-tools-for-stm32.7-2018-q2-update.linux64_1.4.0.202007081208/tools/bin/../lib/gcc/arm-none-eabi/7.3.1/thumb/v6-m/libgcc.a(_udivmoddi4.o)
                0x0000000008000260                __udivmoddi4
 .text          0x00000000080003e4       0x18 /home/selim/.eclipse/com.st.stm32cube.ide.mcu.rcp.product_1.3.0_17665241_linux_gtk_x86_64/plugins/com.st.stm32cube.ide.mcu.externaltools.gnu-tools-for-stm32.7-2018-q2-update.linux64_1.4.0.202007081208/tools/bin/../lib/gcc/arm-none-eabi/7.3.1/thumb/v6-m/libgcc.a(_clzdi2.o)
                0x00000000080003e4                __clzdi2
 .text          0x00000000080003fc       0x3c /home/selim/.eclipse/com.st.stm32cube.ide.mcu.rcp.product_1.3.0_17665241_linux_gtk_x86_64/plugins/com.st.stm32cube.ide.mcu.externaltools.gnu-tools-for-stm32.7-2018-q2-update.linux64_1.4.0.202007081208/tools/bin/../lib/gcc/arm-none-eabi/7.3.1/thumb/v6-m/libgcc.a(_clzsi2.o)
                0x00000000080003fc                __clzsi2
 *(.text*)
 .text.MX_GPIO_Init
                0x0000000008000438      0x16c Core/Src/gpio.o
                0x0000000008000438                MX_GPIO_Init
 .text.main     0x00000000080005a4      0x244 Core/Src/main.o
                0x00000000080005a4                main
 .text.SystemClock_Config
                0x00000000080007e8       0xa6 Core/Src/main.o
                0x00000000080007e8                SystemClock_Config
 *fill*         0x000000000800088e        0x2 
 .text.__io_putchar
                0x0000000008000890       0x28 Core/Src/main.o
                0x0000000008000890                __io_putchar
 .text.Error_Handler
                0x00000000080008b8        0x6 Core/Src/main.o
                0x00000000080008b8                Error_Handler
 *fill*         0x00000000080008be        0x2 
 .text.MX_SPI1_Init
                0x00000000080008c0       0x7c Core/Src/spi.o
                0x00000000080008c0                MX_SPI1_Init
 .text.HAL_SPI_MspInit
                0x000000000800093c       0x98 Core/Src/spi.o
                0x000000000800093c                HAL_SPI_MspInit
 .text.HAL_MspInit
                0x00000000080009d4       0x48 Core/Src/stm32f0xx_hal_msp.o
                0x00000000080009d4                HAL_MspInit
 .text.NMI_Handler
                0x0000000008000a1c        0xa Core/Src/stm32f0xx_it.o
                0x0000000008000a1c                NMI_Handler
 .text.HardFault_Handler
                0x0000000008000a26        0x6 Core/Src/stm32f0xx_it.o
                0x0000000008000a26                HardFault_Handler
 .text.SVC_Handler
                0x0000000008000a2c        0xa Core/Src/stm32f0xx_it.o
                0x0000000008000a2c                SVC_Handler
 .text.PendSV_Handler
                0x0000000008000a36        0xa Core/Src/stm32f0xx_it.o
                0x0000000008000a36                PendSV_Handler
 .text.SysTick_Handler
                0x0000000008000a40        0xe Core/Src/stm32f0xx_it.o
                0x0000000008000a40                SysTick_Handler
 .text._read    0x0000000008000a4e       0x3a Core/Src/syscalls.o
                0x0000000008000a4e                _read
 .text._write   0x0000000008000a88       0x38 Core/Src/syscalls.o
                0x0000000008000a88                _write
 .text._close   0x0000000008000ac0       0x14 Core/Src/syscalls.o
                0x0000000008000ac0                _close
 .text._fstat   0x0000000008000ad4       0x1c Core/Src/syscalls.o
                0x0000000008000ad4                _fstat
 .text._isatty  0x0000000008000af0       0x12 Core/Src/syscalls.o
                0x0000000008000af0                _isatty
 .text._lseek   0x0000000008000b02       0x16 Core/Src/syscalls.o
                0x0000000008000b02                _lseek
 .text._sbrk    0x0000000008000b18       0x58 Core/Src/sysmem.o
                0x0000000008000b18                _sbrk
 .text.SystemInit
                0x0000000008000b70        0xa Core/Src/system_stm32f0xx.o
                0x0000000008000b70                SystemInit
 *fill*         0x0000000008000b7a        0x2 
 .text.MX_USART2_UART_Init
                0x0000000008000b7c       0x60 Core/Src/usart.o
                0x0000000008000b7c                MX_USART2_UART_Init
 .text.HAL_UART_MspInit
                0x0000000008000bdc       0x98 Core/Src/usart.o
                0x0000000008000bdc                HAL_UART_MspInit
 .text.Reset_Handler
                0x0000000008000c74       0x50 Core/Startup/startup_stm32f072rbtx.o
                0x0000000008000c74                Reset_Handler
 .text.Default_Handler
                0x0000000008000cc4        0x2 Core/Startup/startup_stm32f072rbtx.o
                0x0000000008000cc4                TIM1_CC_IRQHandler
                0x0000000008000cc4                TSC_IRQHandler
                0x0000000008000cc4                ADC1_COMP_IRQHandler
                0x0000000008000cc4                I2C1_IRQHandler
                0x0000000008000cc4                RCC_CRS_IRQHandler
                0x0000000008000cc4                SPI1_IRQHandler
                0x0000000008000cc4                TIM6_DAC_IRQHandler
                0x0000000008000cc4                USART3_4_IRQHandler
                0x0000000008000cc4                EXTI2_3_IRQHandler
                0x0000000008000cc4                I2C2_IRQHandler
                0x0000000008000cc4                TIM17_IRQHandler
                0x0000000008000cc4                CEC_CAN_IRQHandler
                0x0000000008000cc4                RTC_IRQHandler
                0x0000000008000cc4                PVD_VDDIO2_IRQHandler
                0x0000000008000cc4                DMA1_Channel4_5_6_7_IRQHandler
                0x0000000008000cc4                TIM16_IRQHandler
                0x0000000008000cc4                TIM3_IRQHandler
                0x0000000008000cc4                EXTI4_15_IRQHandler
                0x0000000008000cc4                DMA1_Channel1_IRQHandler
                0x0000000008000cc4                Default_Handler
                0x0000000008000cc4                TIM14_IRQHandler
                0x0000000008000cc4                TIM7_IRQHandler
                0x0000000008000cc4                TIM15_IRQHandler
                0x0000000008000cc4                EXTI0_1_IRQHandler
                0x0000000008000cc4                USB_IRQHandler
                0x0000000008000cc4                SPI2_IRQHandler
                0x0000000008000cc4                WWDG_IRQHandler
                0x0000000008000cc4                TIM2_IRQHandler
                0x0000000008000cc4                DMA1_Channel2_3_IRQHandler
                0x0000000008000cc4                USART2_IRQHandler
                0x0000000008000cc4                FLASH_IRQHandler
                0x0000000008000cc4                USART1_IRQHandler
                0x0000000008000cc4                TIM1_BRK_UP_TRG_COM_IRQHandler
 *fill*         0x0000000008000cc6        0x2 
 .text.HAL_Init
                0x0000000008000cc8       0x28 Drivers/STM32F0xx_HAL_Driver/Src/stm32f0xx_hal.o
                0x0000000008000cc8                HAL_Init
 .text.HAL_InitTick
                0x0000000008000cf0       0x68 Drivers/STM32F0xx_HAL_Driver/Src/stm32f0xx_hal.o
                0x0000000008000cf0                HAL_InitTick
 .text.HAL_IncTick
                0x0000000008000d58       0x24 Drivers/STM32F0xx_HAL_Driver/Src/stm32f0xx_hal.o
                0x0000000008000d58                HAL_IncTick
 .text.HAL_GetTick
                0x0000000008000d7c       0x14 Drivers/STM32F0xx_HAL_Driver/Src/stm32f0xx_hal.o
                0x0000000008000d7c                HAL_GetTick
 .text.HAL_Delay
                0x0000000008000d90       0x44 Drivers/STM32F0xx_HAL_Driver/Src/stm32f0xx_hal.o
                0x0000000008000d90                HAL_Delay
 .text.__NVIC_SetPriority
                0x0000000008000dd4       0xdc Drivers/STM32F0xx_HAL_Driver/Src/stm32f0xx_hal_cortex.o
 .text.SysTick_Config
                0x0000000008000eb0       0x48 Drivers/STM32F0xx_HAL_Driver/Src/stm32f0xx_hal_cortex.o
 .text.HAL_NVIC_SetPriority
                0x0000000008000ef8       0x2a Drivers/STM32F0xx_HAL_Driver/Src/stm32f0xx_hal_cortex.o
                0x0000000008000ef8                HAL_NVIC_SetPriority
 .text.HAL_SYSTICK_Config
                0x0000000008000f22       0x1a Drivers/STM32F0xx_HAL_Driver/Src/stm32f0xx_hal_cortex.o
                0x0000000008000f22                HAL_SYSTICK_Config
 .text.HAL_GPIO_Init
                0x0000000008000f3c      0x2f0 Drivers/STM32F0xx_HAL_Driver/Src/stm32f0xx_hal_gpio.o
                0x0000000008000f3c                HAL_GPIO_Init
 .text.HAL_GPIO_ReadPin
                0x000000000800122c       0x3a Drivers/STM32F0xx_HAL_Driver/Src/stm32f0xx_hal_gpio.o
                0x000000000800122c                HAL_GPIO_ReadPin
 .text.HAL_GPIO_WritePin
                0x0000000008001266       0x3a Drivers/STM32F0xx_HAL_Driver/Src/stm32f0xx_hal_gpio.o
                0x0000000008001266                HAL_GPIO_WritePin
 .text.HAL_RCC_OscConfig
                0x00000000080012a0      0x70c Drivers/STM32F0xx_HAL_Driver/Src/stm32f0xx_hal_rcc.o
                0x00000000080012a0                HAL_RCC_OscConfig
 .text.HAL_RCC_ClockConfig
                0x00000000080019ac      0x1b4 Drivers/STM32F0xx_HAL_Driver/Src/stm32f0xx_hal_rcc.o
                0x00000000080019ac                HAL_RCC_ClockConfig
 .text.HAL_RCC_GetSysClockFreq
                0x0000000008001b60       0xfc Drivers/STM32F0xx_HAL_Driver/Src/stm32f0xx_hal_rcc.o
                0x0000000008001b60                HAL_RCC_GetSysClockFreq
 .text.HAL_RCC_GetHCLKFreq
                0x0000000008001c5c       0x14 Drivers/STM32F0xx_HAL_Driver/Src/stm32f0xx_hal_rcc.o
                0x0000000008001c5c                HAL_RCC_GetHCLKFreq
 .text.HAL_RCC_GetPCLK1Freq
                0x0000000008001c70       0x2c Drivers/STM32F0xx_HAL_Driver/Src/stm32f0xx_hal_rcc.o
                0x0000000008001c70                HAL_RCC_GetPCLK1Freq
 .text.HAL_RCCEx_PeriphCLKConfig
                0x0000000008001c9c      0x200 Drivers/STM32F0xx_HAL_Driver/Src/stm32f0xx_hal_rcc_ex.o
                0x0000000008001c9c                HAL_RCCEx_PeriphCLKConfig
 .text.HAL_SPI_Init
                0x0000000008001e9c      0x134 Drivers/STM32F0xx_HAL_Driver/Src/stm32f0xx_hal_spi.o
                0x0000000008001e9c                HAL_SPI_Init
 .text.HAL_SPI_Transmit
                0x0000000008001fd0      0x302 Drivers/STM32F0xx_HAL_Driver/Src/stm32f0xx_hal_spi.o
                0x0000000008001fd0                HAL_SPI_Transmit
 *fill*         0x00000000080022d2        0x2 
 .text.HAL_SPI_TransmitReceive
                0x00000000080022d4      0x474 Drivers/STM32F0xx_HAL_Driver/Src/stm32f0xx_hal_spi.o
                0x00000000080022d4                HAL_SPI_TransmitReceive
 .text.HAL_SPI_GetState
                0x0000000008002748       0x18 Drivers/STM32F0xx_HAL_Driver/Src/stm32f0xx_hal_spi.o
                0x0000000008002748                HAL_SPI_GetState
 .text.SPI_WaitFlagStateUntilTimeout
                0x0000000008002760       0xe0 Drivers/STM32F0xx_HAL_Driver/Src/stm32f0xx_hal_spi.o
 .text.SPI_WaitFifoStateUntilTimeout
                0x0000000008002840       0xe8 Drivers/STM32F0xx_HAL_Driver/Src/stm32f0xx_hal_spi.o
 .text.SPI_EndRxTxTransaction
                0x0000000008002928       0x8c Drivers/STM32F0xx_HAL_Driver/Src/stm32f0xx_hal_spi.o
 .text.HAL_UART_Init
                0x00000000080029b4       0xa8 Drivers/STM32F0xx_HAL_Driver/Src/stm32f0xx_hal_uart.o
                0x00000000080029b4                HAL_UART_Init
 .text.HAL_UART_Transmit
                0x0000000008002a5c      0x150 Drivers/STM32F0xx_HAL_Driver/Src/stm32f0xx_hal_uart.o
                0x0000000008002a5c                HAL_UART_Transmit
 .text.UART_SetConfig
                0x0000000008002bac      0x398 Drivers/STM32F0xx_HAL_Driver/Src/stm32f0xx_hal_uart.o
                0x0000000008002bac                UART_SetConfig
 .text.UART_AdvFeatureConfig
                0x0000000008002f44      0x168 Drivers/STM32F0xx_HAL_Driver/Src/stm32f0xx_hal_uart.o
                0x0000000008002f44                UART_AdvFeatureConfig
 .text.UART_CheckIdleState
                0x00000000080030ac       0x8c Drivers/STM32F0xx_HAL_Driver/Src/stm32f0xx_hal_uart.o
                0x00000000080030ac                UART_CheckIdleState
 .text.UART_WaitOnFlagUntilTimeout
                0x0000000008003138       0xfc Drivers/STM32F0xx_HAL_Driver/Src/stm32f0xx_hal_uart.o
                0x0000000008003138                UART_WaitOnFlagUntilTimeout
 .text.SX1278_SPIRead
                0x0000000008003234       0x48 SX1278/driver/SX1278.o
                0x0000000008003234                SX1278_SPIRead
 .text.SX1278_SPIWrite
                0x000000000800327c       0x5e SX1278/driver/SX1278.o
                0x000000000800327c                SX1278_SPIWrite
 .text.SX1278_SPIBurstRead
                0x00000000080032da       0x96 SX1278/driver/SX1278.o
                0x00000000080032da                SX1278_SPIBurstRead
 .text.SX1278_SPIBurstWrite
                0x0000000008003370       0x9a SX1278/driver/SX1278.o
                0x0000000008003370                SX1278_SPIBurstWrite
 *fill*         0x000000000800340a        0x2 
 .text.SX1278_config
                0x000000000800340c      0x25c SX1278/driver/SX1278.o
                0x000000000800340c                SX1278_config
 .text.SX1278_standby
                0x0000000008003668       0x22 SX1278/driver/SX1278.o
                0x0000000008003668                SX1278_standby
 .text.SX1278_sleep
                0x000000000800368a       0x22 SX1278/driver/SX1278.o
                0x000000000800368a                SX1278_sleep
 .text.SX1278_entryLoRa
                0x00000000080036ac       0x1c SX1278/driver/SX1278.o
                0x00000000080036ac                SX1278_entryLoRa
 .text.SX1278_clearLoRaIrq
                0x00000000080036c8       0x1c SX1278/driver/SX1278.o
                0x00000000080036c8                SX1278_clearLoRaIrq
 .text.SX1278_LoRaEntryRx
                0x00000000080036e4       0xf0 SX1278/driver/SX1278.o
                0x00000000080036e4                SX1278_LoRaEntryRx
 .text.SX1278_LoRaRxPacket
                0x00000000080037d4       0xa6 SX1278/driver/SX1278.o
                0x00000000080037d4                SX1278_LoRaRxPacket
 .text.SX1278_LoRaEntryTx
                0x000000000800387a       0xda SX1278/driver/SX1278.o
                0x000000000800387a                SX1278_LoRaEntryTx
 .text.SX1278_LoRaTxPacket
                0x0000000008003954       0x88 SX1278/driver/SX1278.o
                0x0000000008003954                SX1278_LoRaTxPacket
 .text.SX1278_init
                0x00000000080039dc       0x6c SX1278/driver/SX1278.o
                0x00000000080039dc                SX1278_init
 .text.SX1278_read
                0x0000000008003a48       0x5e SX1278/driver/SX1278.o
                0x0000000008003a48                SX1278_read
 .text.SX1278_hw_init
                0x0000000008003aa6       0x2c SX1278/driver/SX1278_hw.o
                0x0000000008003aa6                SX1278_hw_init
 .text.SX1278_hw_SetNSS
                0x0000000008003ad2       0x2c SX1278/driver/SX1278_hw.o
                0x0000000008003ad2                SX1278_hw_SetNSS
 .text.SX1278_hw_Reset
                0x0000000008003afe       0x4a SX1278/driver/SX1278_hw.o
                0x0000000008003afe                SX1278_hw_Reset
 .text.SX1278_hw_SPICommand
                0x0000000008003b48       0x42 SX1278/driver/SX1278_hw.o
                0x0000000008003b48                SX1278_hw_SPICommand
 .text.SX1278_hw_SPIReadByte
                0x0000000008003b8a       0x56 SX1278/driver/SX1278_hw.o
                0x0000000008003b8a                SX1278_hw_SPIReadByte
 .text.SX1278_hw_DelayMs
                0x0000000008003be0       0x18 SX1278/driver/SX1278_hw.o
                0x0000000008003be0                SX1278_hw_DelayMs
 .text.SX1278_hw_GetDIO0
                0x0000000008003bf8       0x2c SX1278/driver/SX1278_hw.o
                0x0000000008003bf8                SX1278_hw_GetDIO0
 .text.__errno  0x0000000008003c24        0xc /home/selim/.eclipse/com.st.stm32cube.ide.mcu.rcp.product_1.3.0_17665241_linux_gtk_x86_64/plugins/com.st.stm32cube.ide.mcu.externaltools.gnu-tools-for-stm32.7-2018-q2-update.linux64_1.4.0.202007081208/tools/bin/../lib/gcc/arm-none-eabi/7.3.1/../../../../arm-none-eabi/lib/thumb/v6-m/libc_nano.a(lib_a-errno.o)
                0x0000000008003c24                __errno
 .text.__libc_init_array
                0x0000000008003c30       0x48 /home/selim/.eclipse/com.st.stm32cube.ide.mcu.rcp.product_1.3.0_17665241_linux_gtk_x86_64/plugins/com.st.stm32cube.ide.mcu.externaltools.gnu-tools-for-stm32.7-2018-q2-update.linux64_1.4.0.202007081208/tools/bin/../lib/gcc/arm-none-eabi/7.3.1/../../../../arm-none-eabi/lib/thumb/v6-m/libc_nano.a(lib_a-init.o)
                0x0000000008003c30                __libc_init_array
 .text.memcpy   0x0000000008003c78       0x12 /home/selim/.eclipse/com.st.stm32cube.ide.mcu.rcp.product_1.3.0_17665241_linux_gtk_x86_64/plugins/com.st.stm32cube.ide.mcu.externaltools.gnu-tools-for-stm32.7-2018-q2-update.linux64_1.4.0.202007081208/tools/bin/../lib/gcc/arm-none-eabi/7.3.1/../../../../arm-none-eabi/lib/thumb/v6-m/libc_nano.a(lib_a-memcpy-stub.o)
                0x0000000008003c78                memcpy
 .text.memset   0x0000000008003c8a       0x10 /home/selim/.eclipse/com.st.stm32cube.ide.mcu.rcp.product_1.3.0_17665241_linux_gtk_x86_64/plugins/com.st.stm32cube.ide.mcu.externaltools.gnu-tools-for-stm32.7-2018-q2-update.linux64_1.4.0.202007081208/tools/bin/../lib/gcc/arm-none-eabi/7.3.1/../../../../arm-none-eabi/lib/thumb/v6-m/libc_nano.a(lib_a-memset.o)
                0x0000000008003c8a                memset
 *fill*         0x0000000008003c9a        0x2 
 .text.printf   0x0000000008003c9c       0x34 /home/selim/.eclipse/com.st.stm32cube.ide.mcu.rcp.product_1.3.0_17665241_linux_gtk_x86_64/plugins/com.st.stm32cube.ide.mcu.externaltools.gnu-tools-for-stm32.7-2018-q2-update.linux64_1.4.0.202007081208/tools/bin/../lib/gcc/arm-none-eabi/7.3.1/../../../../arm-none-eabi/lib/thumb/v6-m/libc_nano.a(lib_a-printf.o)
                0x0000000008003c9c                printf
                0x0000000008003c9c                iprintf
 .text._puts_r  0x0000000008003cd0       0xc0 /home/selim/.eclipse/com.st.stm32cube.ide.mcu.rcp.product_1.3.0_17665241_linux_gtk_x86_64/plugins/com.st.stm32cube.ide.mcu.externaltools.gnu-tools-for-stm32.7-2018-q2-update.linux64_1.4.0.202007081208/tools/bin/../lib/gcc/arm-none-eabi/7.3.1/../../../../arm-none-eabi/lib/thumb/v6-m/libc_nano.a(lib_a-puts.o)
                0x0000000008003cd0                _puts_r
 .text.puts     0x0000000008003d90       0x14 /home/selim/.eclipse/com.st.stm32cube.ide.mcu.rcp.product_1.3.0_17665241_linux_gtk_x86_64/plugins/com.st.stm32cube.ide.mcu.externaltools.gnu-tools-for-stm32.7-2018-q2-update.linux64_1.4.0.202007081208/tools/bin/../lib/gcc/arm-none-eabi/7.3.1/../../../../arm-none-eabi/lib/thumb/v6-m/libc_nano.a(lib_a-puts.o)
                0x0000000008003d90                puts
 .text.sprintf  0x0000000008003da4       0x40 /home/selim/.eclipse/com.st.stm32cube.ide.mcu.rcp.product_1.3.0_17665241_linux_gtk_x86_64/plugins/com.st.stm32cube.ide.mcu.externaltools.gnu-tools-for-stm32.7-2018-q2-update.linux64_1.4.0.202007081208/tools/bin/../lib/gcc/arm-none-eabi/7.3.1/../../../../arm-none-eabi/lib/thumb/v6-m/libc_nano.a(lib_a-sprintf.o)
                0x0000000008003da4                sprintf
                0x0000000008003da4                siprintf
 .text.__swbuf_r
                0x0000000008003de4       0xac /home/selim/.eclipse/com.st.stm32cube.ide.mcu.rcp.product_1.3.0_17665241_linux_gtk_x86_64/plugins/com.st.stm32cube.ide.mcu.externaltools.gnu-tools-for-stm32.7-2018-q2-update.linux64_1.4.0.202007081208/tools/bin/../lib/gcc/arm-none-eabi/7.3.1/../../../../arm-none-eabi/lib/thumb/v6-m/libc_nano.a(lib_a-wbuf.o)
                0x0000000008003de4                __swbuf_r
 .text.__swsetup_r
                0x0000000008003e90       0xec /home/selim/.eclipse/com.st.stm32cube.ide.mcu.rcp.product_1.3.0_17665241_linux_gtk_x86_64/plugins/com.st.stm32cube.ide.mcu.externaltools.gnu-tools-for-stm32.7-2018-q2-update.linux64_1.4.0.202007081208/tools/bin/../lib/gcc/arm-none-eabi/7.3.1/../../../../arm-none-eabi/lib/thumb/v6-m/libc_nano.a(lib_a-wsetup.o)
                0x0000000008003e90                __swsetup_r
 .text.__sflush_r
                0x0000000008003f7c      0x114 /home/selim/.eclipse/com.st.stm32cube.ide.mcu.rcp.product_1.3.0_17665241_linux_gtk_x86_64/plugins/com.st.stm32cube.ide.mcu.externaltools.gnu-tools-for-stm32.7-2018-q2-update.linux64_1.4.0.202007081208/tools/bin/../lib/gcc/arm-none-eabi/7.3.1/../../../../arm-none-eabi/lib/thumb/v6-m/libc_nano.a(lib_a-fflush.o)
                0x0000000008003f7c                __sflush_r
 .text._fflush_r
                0x0000000008004090       0x58 /home/selim/.eclipse/com.st.stm32cube.ide.mcu.rcp.product_1.3.0_17665241_linux_gtk_x86_64/plugins/com.st.stm32cube.ide.mcu.externaltools.gnu-tools-for-stm32.7-2018-q2-update.linux64_1.4.0.202007081208/tools/bin/../lib/gcc/arm-none-eabi/7.3.1/../../../../arm-none-eabi/lib/thumb/v6-m/libc_nano.a(lib_a-fflush.o)
                0x0000000008004090                _fflush_r
 .text.std      0x00000000080040e8       0x48 /home/selim/.eclipse/com.st.stm32cube.ide.mcu.rcp.product_1.3.0_17665241_linux_gtk_x86_64/plugins/com.st.stm32cube.ide.mcu.externaltools.gnu-tools-for-stm32.7-2018-q2-update.linux64_1.4.0.202007081208/tools/bin/../lib/gcc/arm-none-eabi/7.3.1/../../../../arm-none-eabi/lib/thumb/v6-m/libc_nano.a(lib_a-findfp.o)
 .text._cleanup_r
                0x0000000008004130       0x10 /home/selim/.eclipse/com.st.stm32cube.ide.mcu.rcp.product_1.3.0_17665241_linux_gtk_x86_64/plugins/com.st.stm32cube.ide.mcu.externaltools.gnu-tools-for-stm32.7-2018-q2-update.linux64_1.4.0.202007081208/tools/bin/../lib/gcc/arm-none-eabi/7.3.1/../../../../arm-none-eabi/lib/thumb/v6-m/libc_nano.a(lib_a-findfp.o)
                0x0000000008004130                _cleanup_r
 .text.__sfmoreglue
                0x0000000008004140       0x2c /home/selim/.eclipse/com.st.stm32cube.ide.mcu.rcp.product_1.3.0_17665241_linux_gtk_x86_64/plugins/com.st.stm32cube.ide.mcu.externaltools.gnu-tools-for-stm32.7-2018-q2-update.linux64_1.4.0.202007081208/tools/bin/../lib/gcc/arm-none-eabi/7.3.1/../../../../arm-none-eabi/lib/thumb/v6-m/libc_nano.a(lib_a-findfp.o)
                0x0000000008004140                __sfmoreglue
 .text.__sinit  0x000000000800416c       0x68 /home/selim/.eclipse/com.st.stm32cube.ide.mcu.rcp.product_1.3.0_17665241_linux_gtk_x86_64/plugins/com.st.stm32cube.ide.mcu.externaltools.gnu-tools-for-stm32.7-2018-q2-update.linux64_1.4.0.202007081208/tools/bin/../lib/gcc/arm-none-eabi/7.3.1/../../../../arm-none-eabi/lib/thumb/v6-m/libc_nano.a(lib_a-findfp.o)
                0x000000000800416c                __sinit
 .text.__sfp    0x00000000080041d4       0x7c /home/selim/.eclipse/com.st.stm32cube.ide.mcu.rcp.product_1.3.0_17665241_linux_gtk_x86_64/plugins/com.st.stm32cube.ide.mcu.externaltools.gnu-tools-for-stm32.7-2018-q2-update.linux64_1.4.0.202007081208/tools/bin/../lib/gcc/arm-none-eabi/7.3.1/../../../../arm-none-eabi/lib/thumb/v6-m/libc_nano.a(lib_a-findfp.o)
                0x00000000080041d4                __sfp
 .text._fwalk_reent
                0x0000000008004250       0x42 /home/selim/.eclipse/com.st.stm32cube.ide.mcu.rcp.product_1.3.0_17665241_linux_gtk_x86_64/plugins/com.st.stm32cube.ide.mcu.externaltools.gnu-tools-for-stm32.7-2018-q2-update.linux64_1.4.0.202007081208/tools/bin/../lib/gcc/arm-none-eabi/7.3.1/../../../../arm-none-eabi/lib/thumb/v6-m/libc_nano.a(lib_a-fwalk.o)
                0x0000000008004250                _fwalk_reent
 *fill*         0x0000000008004292        0x2 
 .text.__swhatbuf_r
                0x0000000008004294       0x50 /home/selim/.eclipse/com.st.stm32cube.ide.mcu.rcp.product_1.3.0_17665241_linux_gtk_x86_64/plugins/com.st.stm32cube.ide.mcu.externaltools.gnu-tools-for-stm32.7-2018-q2-update.linux64_1.4.0.202007081208/tools/bin/../lib/gcc/arm-none-eabi/7.3.1/../../../../arm-none-eabi/lib/thumb/v6-m/libc_nano.a(lib_a-makebuf.o)
                0x0000000008004294                __swhatbuf_r
 .text.__smakebuf_r
                0x00000000080042e4       0x88 /home/selim/.eclipse/com.st.stm32cube.ide.mcu.rcp.product_1.3.0_17665241_linux_gtk_x86_64/plugins/com.st.stm32cube.ide.mcu.externaltools.gnu-tools-for-stm32.7-2018-q2-update.linux64_1.4.0.202007081208/tools/bin/../lib/gcc/arm-none-eabi/7.3.1/../../../../arm-none-eabi/lib/thumb/v6-m/libc_nano.a(lib_a-makebuf.o)
                0x00000000080042e4                __smakebuf_r
 .text._free_r  0x000000000800436c       0x94 /home/selim/.eclipse/com.st.stm32cube.ide.mcu.rcp.product_1.3.0_17665241_linux_gtk_x86_64/plugins/com.st.stm32cube.ide.mcu.externaltools.gnu-tools-for-stm32.7-2018-q2-update.linux64_1.4.0.202007081208/tools/bin/../lib/gcc/arm-none-eabi/7.3.1/../../../../arm-none-eabi/lib/thumb/v6-m/libc_nano.a(lib_a-nano-freer.o)
                0x000000000800436c                _free_r
 .text._malloc_r
                0x0000000008004400       0xbc /home/selim/.eclipse/com.st.stm32cube.ide.mcu.rcp.product_1.3.0_17665241_linux_gtk_x86_64/plugins/com.st.stm32cube.ide.mcu.externaltools.gnu-tools-for-stm32.7-2018-q2-update.linux64_1.4.0.202007081208/tools/bin/../lib/gcc/arm-none-eabi/7.3.1/../../../../arm-none-eabi/lib/thumb/v6-m/libc_nano.a(lib_a-nano-mallocr.o)
                0x0000000008004400                _malloc_r
 .text.__ssputs_r
                0x00000000080044bc       0xc4 /home/selim/.eclipse/com.st.stm32cube.ide.mcu.rcp.product_1.3.0_17665241_linux_gtk_x86_64/plugins/com.st.stm32cube.ide.mcu.externaltools.gnu-tools-for-stm32.7-2018-q2-update.linux64_1.4.0.202007081208/tools/bin/../lib/gcc/arm-none-eabi/7.3.1/../../../../arm-none-eabi/lib/thumb/v6-m/libc_nano.a(lib_a-nano-svfprintf.o)
                0x00000000080044bc                __ssputs_r
 .text._svfprintf_r
                0x0000000008004580      0x1fc /home/selim/.eclipse/com.st.stm32cube.ide.mcu.rcp.product_1.3.0_17665241_linux_gtk_x86_64/plugins/com.st.stm32cube.ide.mcu.externaltools.gnu-tools-for-stm32.7-2018-q2-update.linux64_1.4.0.202007081208/tools/bin/../lib/gcc/arm-none-eabi/7.3.1/../../../../arm-none-eabi/lib/thumb/v6-m/libc_nano.a(lib_a-nano-svfprintf.o)
                0x0000000008004580                _svfprintf_r
                0x0000000008004580                _svfiprintf_r
 .text.__sfputc_r
                0x000000000800477c       0x2a /home/selim/.eclipse/com.st.stm32cube.ide.mcu.rcp.product_1.3.0_17665241_linux_gtk_x86_64/plugins/com.st.stm32cube.ide.mcu.externaltools.gnu-tools-for-stm32.7-2018-q2-update.linux64_1.4.0.202007081208/tools/bin/../lib/gcc/arm-none-eabi/7.3.1/../../../../arm-none-eabi/lib/thumb/v6-m/libc_nano.a(lib_a-nano-vfprintf.o)
 .text.__sfputs_r
                0x00000000080047a6       0x24 /home/selim/.eclipse/com.st.stm32cube.ide.mcu.rcp.product_1.3.0_17665241_linux_gtk_x86_64/plugins/com.st.stm32cube.ide.mcu.externaltools.gnu-tools-for-stm32.7-2018-q2-update.linux64_1.4.0.202007081208/tools/bin/../lib/gcc/arm-none-eabi/7.3.1/../../../../arm-none-eabi/lib/thumb/v6-m/libc_nano.a(lib_a-nano-vfprintf.o)
                0x00000000080047a6                __sfputs_r
 *fill*         0x00000000080047ca        0x2 
 .text._vfprintf_r
                0x00000000080047cc      0x22c /home/selim/.eclipse/com.st.stm32cube.ide.mcu.rcp.product_1.3.0_17665241_linux_gtk_x86_64/plugins/com.st.stm32cube.ide.mcu.externaltools.gnu-tools-for-stm32.7-2018-q2-update.linux64_1.4.0.202007081208/tools/bin/../lib/gcc/arm-none-eabi/7.3.1/../../../../arm-none-eabi/lib/thumb/v6-m/libc_nano.a(lib_a-nano-vfprintf.o)
                0x00000000080047cc                _vfiprintf_r
                0x00000000080047cc                _vfprintf_r
 .text._printf_common
                0x00000000080049f8       0xda /home/selim/.eclipse/com.st.stm32cube.ide.mcu.rcp.product_1.3.0_17665241_linux_gtk_x86_64/plugins/com.st.stm32cube.ide.mcu.externaltools.gnu-tools-for-stm32.7-2018-q2-update.linux64_1.4.0.202007081208/tools/bin/../lib/gcc/arm-none-eabi/7.3.1/../../../../arm-none-eabi/lib/thumb/v6-m/libc_nano.a(lib_a-nano-vfprintf_i.o)
                0x00000000080049f8                _printf_common
 *fill*         0x0000000008004ad2        0x2 
 .text._printf_i
                0x0000000008004ad4      0x210 /home/selim/.eclipse/com.st.stm32cube.ide.mcu.rcp.product_1.3.0_17665241_linux_gtk_x86_64/plugins/com.st.stm32cube.ide.mcu.externaltools.gnu-tools-for-stm32.7-2018-q2-update.linux64_1.4.0.202007081208/tools/bin/../lib/gcc/arm-none-eabi/7.3.1/../../../../arm-none-eabi/lib/thumb/v6-m/libc_nano.a(lib_a-nano-vfprintf_i.o)
                0x0000000008004ad4                _printf_i
 .text._sbrk_r  0x0000000008004ce4       0x24 /home/selim/.eclipse/com.st.stm32cube.ide.mcu.rcp.product_1.3.0_17665241_linux_gtk_x86_64/plugins/com.st.stm32cube.ide.mcu.externaltools.gnu-tools-for-stm32.7-2018-q2-update.linux64_1.4.0.202007081208/tools/bin/../lib/gcc/arm-none-eabi/7.3.1/../../../../arm-none-eabi/lib/thumb/v6-m/libc_nano.a(lib_a-sbrkr.o)
                0x0000000008004ce4                _sbrk_r
 .text.__sread  0x0000000008004d08       0x28 /home/selim/.eclipse/com.st.stm32cube.ide.mcu.rcp.product_1.3.0_17665241_linux_gtk_x86_64/plugins/com.st.stm32cube.ide.mcu.externaltools.gnu-tools-for-stm32.7-2018-q2-update.linux64_1.4.0.202007081208/tools/bin/../lib/gcc/arm-none-eabi/7.3.1/../../../../arm-none-eabi/lib/thumb/v6-m/libc_nano.a(lib_a-stdio.o)
                0x0000000008004d08                __sread
 .text.__swrite
                0x0000000008004d30       0x38 /home/selim/.eclipse/com.st.stm32cube.ide.mcu.rcp.product_1.3.0_17665241_linux_gtk_x86_64/plugins/com.st.stm32cube.ide.mcu.externaltools.gnu-tools-for-stm32.7-2018-q2-update.linux64_1.4.0.202007081208/tools/bin/../lib/gcc/arm-none-eabi/7.3.1/../../../../arm-none-eabi/lib/thumb/v6-m/libc_nano.a(lib_a-stdio.o)
                0x0000000008004d30                __swrite
 .text.__sseek  0x0000000008004d68       0x2c /home/selim/.eclipse/com.st.stm32cube.ide.mcu.rcp.product_1.3.0_17665241_linux_gtk_x86_64/plugins/com.st.stm32cube.ide.mcu.externaltools.gnu-tools-for-stm32.7-2018-q2-update.linux64_1.4.0.202007081208/tools/bin/../lib/gcc/arm-none-eabi/7.3.1/../../../../arm-none-eabi/lib/thumb/v6-m/libc_nano.a(lib_a-stdio.o)
                0x0000000008004d68                __sseek
 .text.__sclose
                0x0000000008004d94        0xc /home/selim/.eclipse/com.st.stm32cube.ide.mcu.rcp.product_1.3.0_17665241_linux_gtk_x86_64/plugins/com.st.stm32cube.ide.mcu.externaltools.gnu-tools-for-stm32.7-2018-q2-update.linux64_1.4.0.202007081208/tools/bin/../lib/gcc/arm-none-eabi/7.3.1/../../../../arm-none-eabi/lib/thumb/v6-m/libc_nano.a(lib_a-stdio.o)
                0x0000000008004d94                __sclose
 .text._write_r
                0x0000000008004da0       0x28 /home/selim/.eclipse/com.st.stm32cube.ide.mcu.rcp.product_1.3.0_17665241_linux_gtk_x86_64/plugins/com.st.stm32cube.ide.mcu.externaltools.gnu-tools-for-stm32.7-2018-q2-update.linux64_1.4.0.202007081208/tools/bin/../lib/gcc/arm-none-eabi/7.3.1/../../../../arm-none-eabi/lib/thumb/v6-m/libc_nano.a(lib_a-writer.o)
                0x0000000008004da0                _write_r
 .text._close_r
                0x0000000008004dc8       0x24 /home/selim/.eclipse/com.st.stm32cube.ide.mcu.rcp.product_1.3.0_17665241_linux_gtk_x86_64/plugins/com.st.stm32cube.ide.mcu.externaltools.gnu-tools-for-stm32.7-2018-q2-update.linux64_1.4.0.202007081208/tools/bin/../lib/gcc/arm-none-eabi/7.3.1/../../../../arm-none-eabi/lib/thumb/v6-m/libc_nano.a(lib_a-closer.o)
                0x0000000008004dc8                _close_r
 .text._fstat_r
                0x0000000008004dec       0x24 /home/selim/.eclipse/com.st.stm32cube.ide.mcu.rcp.product_1.3.0_17665241_linux_gtk_x86_64/plugins/com.st.stm32cube.ide.mcu.externaltools.gnu-tools-for-stm32.7-2018-q2-update.linux64_1.4.0.202007081208/tools/bin/../lib/gcc/arm-none-eabi/7.3.1/../../../../arm-none-eabi/lib/thumb/v6-m/libc_nano.a(lib_a-fstatr.o)
                0x0000000008004dec                _fstat_r
 .text._isatty_r
                0x0000000008004e10       0x24 /home/selim/.eclipse/com.st.stm32cube.ide.mcu.rcp.product_1.3.0_17665241_linux_gtk_x86_64/plugins/com.st.stm32cube.ide.mcu.externaltools.gnu-tools-for-stm32.7-2018-q2-update.linux64_1.4.0.202007081208/tools/bin/../lib/gcc/arm-none-eabi/7.3.1/../../../../arm-none-eabi/lib/thumb/v6-m/libc_nano.a(lib_a-isattyr.o)
                0x0000000008004e10                _isatty_r
 .text._lseek_r
                0x0000000008004e34       0x28 /home/selim/.eclipse/com.st.stm32cube.ide.mcu.rcp.product_1.3.0_17665241_linux_gtk_x86_64/plugins/com.st.stm32cube.ide.mcu.externaltools.gnu-tools-for-stm32.7-2018-q2-update.linux64_1.4.0.202007081208/tools/bin/../lib/gcc/arm-none-eabi/7.3.1/../../../../arm-none-eabi/lib/thumb/v6-m/libc_nano.a(lib_a-lseekr.o)
                0x0000000008004e34                _lseek_r
 .text.memchr   0x0000000008004e5c       0x16 /home/selim/.eclipse/com.st.stm32cube.ide.mcu.rcp.product_1.3.0_17665241_linux_gtk_x86_64/plugins/com.st.stm32cube.ide.mcu.externaltools.gnu-tools-for-stm32.7-2018-q2-update.linux64_1.4.0.202007081208/tools/bin/../lib/gcc/arm-none-eabi/7.3.1/../../../../arm-none-eabi/lib/thumb/v6-m/libc_nano.a(lib_a-memchr-stub.o)
                0x0000000008004e5c                memchr
 .text.memmove  0x0000000008004e72       0x26 /home/selim/.eclipse/com.st.stm32cube.ide.mcu.rcp.product_1.3.0_17665241_linux_gtk_x86_64/plugins/com.st.stm32cube.ide.mcu.externaltools.gnu-tools-for-stm32.7-2018-q2-update.linux64_1.4.0.202007081208/tools/bin/../lib/gcc/arm-none-eabi/7.3.1/../../../../arm-none-eabi/lib/thumb/v6-m/libc_nano.a(lib_a-memmove.o)
                0x0000000008004e72                memmove
 .text.__malloc_lock
                0x0000000008004e98        0x2 /home/selim/.eclipse/com.st.stm32cube.ide.mcu.rcp.product_1.3.0_17665241_linux_gtk_x86_64/plugins/com.st.stm32cube.ide.mcu.externaltools.gnu-tools-for-stm32.7-2018-q2-update.linux64_1.4.0.202007081208/tools/bin/../lib/gcc/arm-none-eabi/7.3.1/../../../../arm-none-eabi/lib/thumb/v6-m/libc_nano.a(lib_a-mlock.o)
                0x0000000008004e98                __malloc_lock
 .text.__malloc_unlock
                0x0000000008004e9a        0x2 /home/selim/.eclipse/com.st.stm32cube.ide.mcu.rcp.product_1.3.0_17665241_linux_gtk_x86_64/plugins/com.st.stm32cube.ide.mcu.externaltools.gnu-tools-for-stm32.7-2018-q2-update.linux64_1.4.0.202007081208/tools/bin/../lib/gcc/arm-none-eabi/7.3.1/../../../../arm-none-eabi/lib/thumb/v6-m/libc_nano.a(lib_a-mlock.o)
                0x0000000008004e9a                __malloc_unlock
 .text._realloc_r
                0x0000000008004e9c       0x4c /home/selim/.eclipse/com.st.stm32cube.ide.mcu.rcp.product_1.3.0_17665241_linux_gtk_x86_64/plugins/com.st.stm32cube.ide.mcu.externaltools.gnu-tools-for-stm32.7-2018-q2-update.linux64_1.4.0.202007081208/tools/bin/../lib/gcc/arm-none-eabi/7.3.1/../../../../arm-none-eabi/lib/thumb/v6-m/libc_nano.a(lib_a-nano-reallocr.o)
                0x0000000008004e9c                _realloc_r
 .text._read_r  0x0000000008004ee8       0x28 /home/selim/.eclipse/com.st.stm32cube.ide.mcu.rcp.product_1.3.0_17665241_linux_gtk_x86_64/plugins/com.st.stm32cube.ide.mcu.externaltools.gnu-tools-for-stm32.7-2018-q2-update.linux64_1.4.0.202007081208/tools/bin/../lib/gcc/arm-none-eabi/7.3.1/../../../../arm-none-eabi/lib/thumb/v6-m/libc_nano.a(lib_a-readr.o)
                0x0000000008004ee8                _read_r
 .text._malloc_usable_size_r
                0x0000000008004f10       0x10 /home/selim/.eclipse/com.st.stm32cube.ide.mcu.rcp.product_1.3.0_17665241_linux_gtk_x86_64/plugins/com.st.stm32cube.ide.mcu.externaltools.gnu-tools-for-stm32.7-2018-q2-update.linux64_1.4.0.202007081208/tools/bin/../lib/gcc/arm-none-eabi/7.3.1/../../../../arm-none-eabi/lib/thumb/v6-m/libc_nano.a(lib_a-nano-msizer.o)
                0x0000000008004f10                _malloc_usable_size_r
 *(.glue_7)
 .glue_7        0x0000000008004f20        0x0 linker stubs
 *(.glue_7t)
 .glue_7t       0x0000000008004f20        0x0 linker stubs
 *(.eh_frame)
 .eh_frame      0x0000000008004f20        0x0 /home/selim/.eclipse/com.st.stm32cube.ide.mcu.rcp.product_1.3.0_17665241_linux_gtk_x86_64/plugins/com.st.stm32cube.ide.mcu.externaltools.gnu-tools-for-stm32.7-2018-q2-update.linux64_1.4.0.202007081208/tools/bin/../lib/gcc/arm-none-eabi/7.3.1/thumb/v6-m/crtbegin.o
 *(.init)
 .init          0x0000000008004f20        0x4 /home/selim/.eclipse/com.st.stm32cube.ide.mcu.rcp.product_1.3.0_17665241_linux_gtk_x86_64/plugins/com.st.stm32cube.ide.mcu.externaltools.gnu-tools-for-stm32.7-2018-q2-update.linux64_1.4.0.202007081208/tools/bin/../lib/gcc/arm-none-eabi/7.3.1/thumb/v6-m/crti.o
                0x0000000008004f20                _init
 .init          0x0000000008004f24        0x8 /home/selim/.eclipse/com.st.stm32cube.ide.mcu.rcp.product_1.3.0_17665241_linux_gtk_x86_64/plugins/com.st.stm32cube.ide.mcu.externaltools.gnu-tools-for-stm32.7-2018-q2-update.linux64_1.4.0.202007081208/tools/bin/../lib/gcc/arm-none-eabi/7.3.1/thumb/v6-m/crtn.o
 *(.fini)
 .fini          0x0000000008004f2c        0x4 /home/selim/.eclipse/com.st.stm32cube.ide.mcu.rcp.product_1.3.0_17665241_linux_gtk_x86_64/plugins/com.st.stm32cube.ide.mcu.externaltools.gnu-tools-for-stm32.7-2018-q2-update.linux64_1.4.0.202007081208/tools/bin/../lib/gcc/arm-none-eabi/7.3.1/thumb/v6-m/crti.o
                0x0000000008004f2c                _fini
 .fini          0x0000000008004f30        0x8 /home/selim/.eclipse/com.st.stm32cube.ide.mcu.rcp.product_1.3.0_17665241_linux_gtk_x86_64/plugins/com.st.stm32cube.ide.mcu.externaltools.gnu-tools-for-stm32.7-2018-q2-update.linux64_1.4.0.202007081208/tools/bin/../lib/gcc/arm-none-eabi/7.3.1/thumb/v6-m/crtn.o
                0x0000000008004f38                . = ALIGN (0x4)
                0x0000000008004f38                _etext = .

.vfp11_veneer   0x0000000008004f38        0x0
 .vfp11_veneer  0x0000000008004f38        0x0 linker stubs

.v4_bx          0x0000000008004f38        0x0
 .v4_bx         0x0000000008004f38        0x0 linker stubs

.iplt           0x0000000008004f38        0x0
 .iplt          0x0000000008004f38        0x0 /home/selim/.eclipse/com.st.stm32cube.ide.mcu.rcp.product_1.3.0_17665241_linux_gtk_x86_64/plugins/com.st.stm32cube.ide.mcu.externaltools.gnu-tools-for-stm32.7-2018-q2-update.linux64_1.4.0.202007081208/tools/bin/../lib/gcc/arm-none-eabi/7.3.1/thumb/v6-m/crtbegin.o

.rodata         0x0000000008004f38      0x1fc
                0x0000000008004f38                . = ALIGN (0x4)
 *(.rodata)
 .rodata        0x0000000008004f38      0x10a Core/Src/main.o
 *fill*         0x0000000008005042        0x2 
 .rodata        0x0000000008005044       0x20 Drivers/STM32F0xx_HAL_Driver/Src/stm32f0xx_hal_rcc.o
 *(.rodata*)
 .rodata.AHBPrescTable
                0x0000000008005064       0x10 Core/Src/system_stm32f0xx.o
                0x0000000008005064                AHBPrescTable
 .rodata.APBPrescTable
                0x0000000008005074        0x8 Core/Src/system_stm32f0xx.o
                0x0000000008005074                APBPrescTable
 .rodata.SX1278_Power
                0x000000000800507c        0x4 SX1278/driver/SX1278.o
 .rodata.SX1278_SpreadFactor
                0x0000000008005080        0x7 SX1278/driver/SX1278.o
 *fill*         0x0000000008005087        0x1 
 .rodata.SX1278_LoRaBandwidth
                0x0000000008005088        0xa SX1278/driver/SX1278.o
 *fill*         0x0000000008005092        0x2 
 .rodata.SX1278_CodingRate
                0x0000000008005094        0x4 SX1278/driver/SX1278.o
 .rodata.SX1278_CRC_Sum
                0x0000000008005098        0x2 SX1278/driver/SX1278.o
 *fill*         0x000000000800509a        0x2 
 .rodata._global_impure_ptr
                0x000000000800509c        0x4 /home/selim/.eclipse/com.st.stm32cube.ide.mcu.rcp.product_1.3.0_17665241_linux_gtk_x86_64/plugins/com.st.stm32cube.ide.mcu.externaltools.gnu-tools-for-stm32.7-2018-q2-update.linux64_1.4.0.202007081208/tools/bin/../lib/gcc/arm-none-eabi/7.3.1/../../../../arm-none-eabi/lib/thumb/v6-m/libc_nano.a(lib_a-impure.o)
                0x000000000800509c                _global_impure_ptr
 .rodata.__sf_fake_stderr
                0x00000000080050a0       0x20 /home/selim/.eclipse/com.st.stm32cube.ide.mcu.rcp.product_1.3.0_17665241_linux_gtk_x86_64/plugins/com.st.stm32cube.ide.mcu.externaltools.gnu-tools-for-stm32.7-2018-q2-update.linux64_1.4.0.202007081208/tools/bin/../lib/gcc/arm-none-eabi/7.3.1/../../../../arm-none-eabi/lib/thumb/v6-m/libc_nano.a(lib_a-findfp.o)
                0x00000000080050a0                __sf_fake_stderr
 .rodata.__sf_fake_stdin
                0x00000000080050c0       0x20 /home/selim/.eclipse/com.st.stm32cube.ide.mcu.rcp.product_1.3.0_17665241_linux_gtk_x86_64/plugins/com.st.stm32cube.ide.mcu.externaltools.gnu-tools-for-stm32.7-2018-q2-update.linux64_1.4.0.202007081208/tools/bin/../lib/gcc/arm-none-eabi/7.3.1/../../../../arm-none-eabi/lib/thumb/v6-m/libc_nano.a(lib_a-findfp.o)
                0x00000000080050c0                __sf_fake_stdin
 .rodata.__sf_fake_stdout
                0x00000000080050e0       0x20 /home/selim/.eclipse/com.st.stm32cube.ide.mcu.rcp.product_1.3.0_17665241_linux_gtk_x86_64/plugins/com.st.stm32cube.ide.mcu.externaltools.gnu-tools-for-stm32.7-2018-q2-update.linux64_1.4.0.202007081208/tools/bin/../lib/gcc/arm-none-eabi/7.3.1/../../../../arm-none-eabi/lib/thumb/v6-m/libc_nano.a(lib_a-findfp.o)
                0x00000000080050e0                __sf_fake_stdout
 .rodata._svfprintf_r.str1.1
                0x0000000008005100       0x11 /home/selim/.eclipse/com.st.stm32cube.ide.mcu.rcp.product_1.3.0_17665241_linux_gtk_x86_64/plugins/com.st.stm32cube.ide.mcu.externaltools.gnu-tools-for-stm32.7-2018-q2-update.linux64_1.4.0.202007081208/tools/bin/../lib/gcc/arm-none-eabi/7.3.1/../../../../arm-none-eabi/lib/thumb/v6-m/libc_nano.a(lib_a-nano-svfprintf.o)
 .rodata._vfprintf_r.str1.1
                0x0000000008005111       0x11 /home/selim/.eclipse/com.st.stm32cube.ide.mcu.rcp.product_1.3.0_17665241_linux_gtk_x86_64/plugins/com.st.stm32cube.ide.mcu.externaltools.gnu-tools-for-stm32.7-2018-q2-update.linux64_1.4.0.202007081208/tools/bin/../lib/gcc/arm-none-eabi/7.3.1/../../../../arm-none-eabi/lib/thumb/v6-m/libc_nano.a(lib_a-nano-vfprintf.o)
 .rodata._printf_i.str1.1
                0x0000000008005111       0x22 /home/selim/.eclipse/com.st.stm32cube.ide.mcu.rcp.product_1.3.0_17665241_linux_gtk_x86_64/plugins/com.st.stm32cube.ide.mcu.externaltools.gnu-tools-for-stm32.7-2018-q2-update.linux64_1.4.0.202007081208/tools/bin/../lib/gcc/arm-none-eabi/7.3.1/../../../../arm-none-eabi/lib/thumb/v6-m/libc_nano.a(lib_a-nano-vfprintf_i.o)
                0x0000000008005134                . = ALIGN (0x4)
 *fill*         0x0000000008005133        0x1 

.ARM.extab      0x0000000008005134        0x0
                0x0000000008005134                . = ALIGN (0x4)
 *(.ARM.extab* .gnu.linkonce.armextab.*)
                0x0000000008005134                . = ALIGN (0x4)

.ARM            0x0000000008005134        0x8
                0x0000000008005134                . = ALIGN (0x4)
                0x0000000008005134                __exidx_start = .
 *(.ARM.exidx*)
 .ARM.exidx     0x0000000008005134        0x8 /home/selim/.eclipse/com.st.stm32cube.ide.mcu.rcp.product_1.3.0_17665241_linux_gtk_x86_64/plugins/com.st.stm32cube.ide.mcu.externaltools.gnu-tools-for-stm32.7-2018-q2-update.linux64_1.4.0.202007081208/tools/bin/../lib/gcc/arm-none-eabi/7.3.1/thumb/v6-m/libgcc.a(_udivmoddi4.o)
                0x000000000800513c                __exidx_end = .
                0x000000000800513c                . = ALIGN (0x4)

.rel.dyn        0x000000000800513c        0x0
 .rel.iplt      0x000000000800513c        0x0 /home/selim/.eclipse/com.st.stm32cube.ide.mcu.rcp.product_1.3.0_17665241_linux_gtk_x86_64/plugins/com.st.stm32cube.ide.mcu.externaltools.gnu-tools-for-stm32.7-2018-q2-update.linux64_1.4.0.202007081208/tools/bin/../lib/gcc/arm-none-eabi/7.3.1/thumb/v6-m/crtbegin.o

.preinit_array  0x000000000800513c        0x0
                0x000000000800513c                . = ALIGN (0x4)
                0x000000000800513c                PROVIDE (__preinit_array_start = .)
 *(.preinit_array*)
                0x000000000800513c                PROVIDE (__preinit_array_end = .)
                0x000000000800513c                . = ALIGN (0x4)

.init_array     0x000000000800513c        0x4
                0x000000000800513c                . = ALIGN (0x4)
                0x000000000800513c                PROVIDE (__init_array_start = .)
 *(SORT_BY_NAME(.init_array.*))
 *(.init_array*)
 .init_array    0x000000000800513c        0x4 /home/selim/.eclipse/com.st.stm32cube.ide.mcu.rcp.product_1.3.0_17665241_linux_gtk_x86_64/plugins/com.st.stm32cube.ide.mcu.externaltools.gnu-tools-for-stm32.7-2018-q2-update.linux64_1.4.0.202007081208/tools/bin/../lib/gcc/arm-none-eabi/7.3.1/thumb/v6-m/crtbegin.o
                0x0000000008005140                PROVIDE (__init_array_end = .)
                0x0000000008005140                . = ALIGN (0x4)

.fini_array     0x0000000008005140        0x4
                0x0000000008005140                . = ALIGN (0x4)
                [!provide]                        PROVIDE (__fini_array_start = .)
 *(SORT_BY_NAME(.fini_array.*))
 *(.fini_array*)
 .fini_array    0x0000000008005140        0x4 /home/selim/.eclipse/com.st.stm32cube.ide.mcu.rcp.product_1.3.0_17665241_linux_gtk_x86_64/plugins/com.st.stm32cube.ide.mcu.externaltools.gnu-tools-for-stm32.7-2018-q2-update.linux64_1.4.0.202007081208/tools/bin/../lib/gcc/arm-none-eabi/7.3.1/thumb/v6-m/crtbegin.o
                [!provide]                        PROVIDE (__fini_array_end = .)
                0x0000000008005144                . = ALIGN (0x4)
                0x0000000008005144                _sidata = LOADADDR (.data)

.data           0x0000000020000000       0x70 load address 0x0000000008005144
                0x0000000020000000                . = ALIGN (0x4)
                0x0000000020000000                _sdata = .
 *(.data)
 *(.data*)
 .data.SystemCoreClock
                0x0000000020000000        0x4 Core/Src/system_stm32f0xx.o
                0x0000000020000000                SystemCoreClock
 .data.uwTickPrio
                0x0000000020000004        0x4 Drivers/STM32F0xx_HAL_Driver/Src/stm32f0xx_hal.o
                0x0000000020000004                uwTickPrio
 .data.uwTickFreq
                0x0000000020000008        0x1 Drivers/STM32F0xx_HAL_Driver/Src/stm32f0xx_hal.o
                0x0000000020000008                uwTickFreq
 *fill*         0x0000000020000009        0x3 
 .data._impure_ptr
                0x000000002000000c        0x4 /home/selim/.eclipse/com.st.stm32cube.ide.mcu.rcp.product_1.3.0_17665241_linux_gtk_x86_64/plugins/com.st.stm32cube.ide.mcu.externaltools.gnu-tools-for-stm32.7-2018-q2-update.linux64_1.4.0.202007081208/tools/bin/../lib/gcc/arm-none-eabi/7.3.1/../../../../arm-none-eabi/lib/thumb/v6-m/libc_nano.a(lib_a-impure.o)
                0x000000002000000c                _impure_ptr
 .data.impure_data
                0x0000000020000010       0x60 /home/selim/.eclipse/com.st.stm32cube.ide.mcu.rcp.product_1.3.0_17665241_linux_gtk_x86_64/plugins/com.st.stm32cube.ide.mcu.externaltools.gnu-tools-for-stm32.7-2018-q2-update.linux64_1.4.0.202007081208/tools/bin/../lib/gcc/arm-none-eabi/7.3.1/../../../../arm-none-eabi/lib/thumb/v6-m/libc_nano.a(lib_a-impure.o)
                0x0000000020000070                . = ALIGN (0x4)
                0x0000000020000070                _edata = .

.igot.plt       0x0000000020000070        0x0 load address 0x00000000080051b4
 .igot.plt      0x0000000020000070        0x0 /home/selim/.eclipse/com.st.stm32cube.ide.mcu.rcp.product_1.3.0_17665241_linux_gtk_x86_64/plugins/com.st.stm32cube.ide.mcu.externaltools.gnu-tools-for-stm32.7-2018-q2-update.linux64_1.4.0.202007081208/tools/bin/../lib/gcc/arm-none-eabi/7.3.1/thumb/v6-m/crtbegin.o
                0x0000000020000070                . = ALIGN (0x4)

.bss            0x0000000020000070      0x458 load address 0x00000000080051b4
                0x0000000020000070                _sbss = .
                0x0000000020000070                __bss_start__ = _sbss
 *(.bss)
 .bss           0x0000000020000070       0x1c /home/selim/.eclipse/com.st.stm32cube.ide.mcu.rcp.product_1.3.0_17665241_linux_gtk_x86_64/plugins/com.st.stm32cube.ide.mcu.externaltools.gnu-tools-for-stm32.7-2018-q2-update.linux64_1.4.0.202007081208/tools/bin/../lib/gcc/arm-none-eabi/7.3.1/thumb/v6-m/crtbegin.o
 *(.bss*)
 .bss.heap_end.5149
                0x000000002000008c        0x4 Core/Src/sysmem.o
 .bss.__malloc_free_list
                0x0000000020000090        0x4 /home/selim/.eclipse/com.st.stm32cube.ide.mcu.rcp.product_1.3.0_17665241_linux_gtk_x86_64/plugins/com.st.stm32cube.ide.mcu.externaltools.gnu-tools-for-stm32.7-2018-q2-update.linux64_1.4.0.202007081208/tools/bin/../lib/gcc/arm-none-eabi/7.3.1/../../../../arm-none-eabi/lib/thumb/v6-m/libc_nano.a(lib_a-nano-mallocr.o)
                0x0000000020000090                __malloc_free_list
 .bss.__malloc_sbrk_start
                0x0000000020000094        0x4 /home/selim/.eclipse/com.st.stm32cube.ide.mcu.rcp.product_1.3.0_17665241_linux_gtk_x86_64/plugins/com.st.stm32cube.ide.mcu.externaltools.gnu-tools-for-stm32.7-2018-q2-update.linux64_1.4.0.202007081208/tools/bin/../lib/gcc/arm-none-eabi/7.3.1/../../../../arm-none-eabi/lib/thumb/v6-m/libc_nano.a(lib_a-nano-mallocr.o)
                0x0000000020000094                __malloc_sbrk_start
 *(COMMON)
 COMMON         0x0000000020000098      0x344 Core/Src/main.o
                0x0000000020000098                message_length
                0x000000002000009c                message
                0x00000000200000a0                buffer
                0x00000000200002a0                SX1278
                0x00000000200003b8                ret
                0x00000000200003bc                SX1278_hw
                0x00000000200003d8                master
 COMMON         0x00000000200003dc       0x64 Core/Src/spi.o
                0x00000000200003dc                hspi1
 COMMON         0x0000000020000440       0x80 Core/Src/usart.o
                0x0000000020000440                huart2
 COMMON         0x00000000200004c0        0x4 Drivers/STM32F0xx_HAL_Driver/Src/stm32f0xx_hal.o
                0x00000000200004c0                uwTick
 COMMON         0x00000000200004c4        0x4 /home/selim/.eclipse/com.st.stm32cube.ide.mcu.rcp.product_1.3.0_17665241_linux_gtk_x86_64/plugins/com.st.stm32cube.ide.mcu.externaltools.gnu-tools-for-stm32.7-2018-q2-update.linux64_1.4.0.202007081208/tools/bin/../lib/gcc/arm-none-eabi/7.3.1/../../../../arm-none-eabi/lib/thumb/v6-m/libc_nano.a(lib_a-reent.o)
                0x00000000200004c4                errno
                0x00000000200004c8                . = ALIGN (0x4)
                0x00000000200004c8                _ebss = .
                0x00000000200004c8                __bss_end__ = _ebss

._user_heap_stack
                0x00000000200004c8      0x600 load address 0x00000000080051b4
                0x00000000200004c8                . = ALIGN (0x8)
                0x00000000200004c8                PROVIDE (end = .)
                [!provide]                        PROVIDE (_end = .)
                0x00000000200006c8                . = (. + _Min_Heap_Size)
 *fill*         0x00000000200004c8      0x200 
                0x0000000020000ac8                . = (. + _Min_Stack_Size)
 *fill*         0x00000000200006c8      0x400 
                0x0000000020000ac8                . = ALIGN (0x8)

/DISCARD/
 libc.a(*)
 libm.a(*)
 libgcc.a(*)

.ARM.attributes
                0x0000000000000000       0x28
 *(.ARM.attributes)
 .ARM.attributes
                0x0000000000000000       0x1e /home/selim/.eclipse/com.st.stm32cube.ide.mcu.rcp.product_1.3.0_17665241_linux_gtk_x86_64/plugins/com.st.stm32cube.ide.mcu.externaltools.gnu-tools-for-stm32.7-2018-q2-update.linux64_1.4.0.202007081208/tools/bin/../lib/gcc/arm-none-eabi/7.3.1/thumb/v6-m/crti.o
 .ARM.attributes
                0x000000000000001e       0x2c /home/selim/.eclipse/com.st.stm32cube.ide.mcu.rcp.product_1.3.0_17665241_linux_gtk_x86_64/plugins/com.st.stm32cube.ide.mcu.externaltools.gnu-tools-for-stm32.7-2018-q2-update.linux64_1.4.0.202007081208/tools/bin/../lib/gcc/arm-none-eabi/7.3.1/thumb/v6-m/crtbegin.o
 .ARM.attributes
                0x000000000000004a       0x31 Core/Src/gpio.o
 .ARM.attributes
                0x000000000000007b       0x31 Core/Src/main.o
 .ARM.attributes
                0x00000000000000ac       0x31 Core/Src/spi.o
 .ARM.attributes
                0x00000000000000dd       0x31 Core/Src/stm32f0xx_hal_msp.o
 .ARM.attributes
                0x000000000000010e       0x31 Core/Src/stm32f0xx_it.o
 .ARM.attributes
                0x000000000000013f       0x31 Core/Src/syscalls.o
 .ARM.attributes
                0x0000000000000170       0x31 Core/Src/sysmem.o
 .ARM.attributes
                0x00000000000001a1       0x31 Core/Src/system_stm32f0xx.o
 .ARM.attributes
                0x00000000000001d2       0x31 Core/Src/usart.o
 .ARM.attributes
                0x0000000000000203       0x21 Core/Startup/startup_stm32f072rbtx.o
 .ARM.attributes
                0x0000000000000224       0x31 Drivers/STM32F0xx_HAL_Driver/Src/stm32f0xx_hal.o
 .ARM.attributes
                0x0000000000000255       0x31 Drivers/STM32F0xx_HAL_Driver/Src/stm32f0xx_hal_cortex.o
 .ARM.attributes
                0x0000000000000286       0x31 Drivers/STM32F0xx_HAL_Driver/Src/stm32f0xx_hal_gpio.o
 .ARM.attributes
                0x00000000000002b7       0x31 Drivers/STM32F0xx_HAL_Driver/Src/stm32f0xx_hal_rcc.o
 .ARM.attributes
                0x00000000000002e8       0x31 Drivers/STM32F0xx_HAL_Driver/Src/stm32f0xx_hal_rcc_ex.o
 .ARM.attributes
                0x0000000000000319       0x31 Drivers/STM32F0xx_HAL_Driver/Src/stm32f0xx_hal_spi.o
 .ARM.attributes
                0x000000000000034a       0x31 Drivers/STM32F0xx_HAL_Driver/Src/stm32f0xx_hal_uart.o
 .ARM.attributes
                0x000000000000037b       0x31 SX1278/driver/SX1278.o
 .ARM.attributes
                0x00000000000003ac       0x31 SX1278/driver/SX1278_hw.o
 .ARM.attributes
                0x00000000000003dd       0x2c /home/selim/.eclipse/com.st.stm32cube.ide.mcu.rcp.product_1.3.0_17665241_linux_gtk_x86_64/plugins/com.st.stm32cube.ide.mcu.externaltools.gnu-tools-for-stm32.7-2018-q2-update.linux64_1.4.0.202007081208/tools/bin/../lib/gcc/arm-none-eabi/7.3.1/../../../../arm-none-eabi/lib/thumb/v6-m/libc_nano.a(lib_a-errno.o)
 .ARM.attributes
                0x0000000000000409       0x2c /home/selim/.eclipse/com.st.stm32cube.ide.mcu.rcp.product_1.3.0_17665241_linux_gtk_x86_64/plugins/com.st.stm32cube.ide.mcu.externaltools.gnu-tools-for-stm32.7-2018-q2-update.linux64_1.4.0.202007081208/tools/bin/../lib/gcc/arm-none-eabi/7.3.1/../../../../arm-none-eabi/lib/thumb/v6-m/libc_nano.a(lib_a-impure.o)
 .ARM.attributes
                0x0000000000000435       0x2c /home/selim/.eclipse/com.st.stm32cube.ide.mcu.rcp.product_1.3.0_17665241_linux_gtk_x86_64/plugins/com.st.stm32cube.ide.mcu.externaltools.gnu-tools-for-stm32.7-2018-q2-update.linux64_1.4.0.202007081208/tools/bin/../lib/gcc/arm-none-eabi/7.3.1/../../../../arm-none-eabi/lib/thumb/v6-m/libc_nano.a(lib_a-init.o)
 .ARM.attributes
                0x0000000000000461       0x2c /home/selim/.eclipse/com.st.stm32cube.ide.mcu.rcp.product_1.3.0_17665241_linux_gtk_x86_64/plugins/com.st.stm32cube.ide.mcu.externaltools.gnu-tools-for-stm32.7-2018-q2-update.linux64_1.4.0.202007081208/tools/bin/../lib/gcc/arm-none-eabi/7.3.1/../../../../arm-none-eabi/lib/thumb/v6-m/libc_nano.a(lib_a-memcpy-stub.o)
 .ARM.attributes
                0x000000000000048d       0x2c /home/selim/.eclipse/com.st.stm32cube.ide.mcu.rcp.product_1.3.0_17665241_linux_gtk_x86_64/plugins/com.st.stm32cube.ide.mcu.externaltools.gnu-tools-for-stm32.7-2018-q2-update.linux64_1.4.0.202007081208/tools/bin/../lib/gcc/arm-none-eabi/7.3.1/../../../../arm-none-eabi/lib/thumb/v6-m/libc_nano.a(lib_a-memset.o)
 .ARM.attributes
                0x00000000000004b9       0x2c /home/selim/.eclipse/com.st.stm32cube.ide.mcu.rcp.product_1.3.0_17665241_linux_gtk_x86_64/plugins/com.st.stm32cube.ide.mcu.externaltools.gnu-tools-for-stm32.7-2018-q2-update.linux64_1.4.0.202007081208/tools/bin/../lib/gcc/arm-none-eabi/7.3.1/../../../../arm-none-eabi/lib/thumb/v6-m/libc_nano.a(lib_a-printf.o)
 .ARM.attributes
                0x00000000000004e5       0x2c /home/selim/.eclipse/com.st.stm32cube.ide.mcu.rcp.product_1.3.0_17665241_linux_gtk_x86_64/plugins/com.st.stm32cube.ide.mcu.externaltools.gnu-tools-for-stm32.7-2018-q2-update.linux64_1.4.0.202007081208/tools/bin/../lib/gcc/arm-none-eabi/7.3.1/../../../../arm-none-eabi/lib/thumb/v6-m/libc_nano.a(lib_a-puts.o)
 .ARM.attributes
                0x0000000000000511       0x2c /home/selim/.eclipse/com.st.stm32cube.ide.mcu.rcp.product_1.3.0_17665241_linux_gtk_x86_64/plugins/com.st.stm32cube.ide.mcu.externaltools.gnu-tools-for-stm32.7-2018-q2-update.linux64_1.4.0.202007081208/tools/bin/../lib/gcc/arm-none-eabi/7.3.1/../../../../arm-none-eabi/lib/thumb/v6-m/libc_nano.a(lib_a-sprintf.o)
 .ARM.attributes
                0x000000000000053d       0x2c /home/selim/.eclipse/com.st.stm32cube.ide.mcu.rcp.product_1.3.0_17665241_linux_gtk_x86_64/plugins/com.st.stm32cube.ide.mcu.externaltools.gnu-tools-for-stm32.7-2018-q2-update.linux64_1.4.0.202007081208/tools/bin/../lib/gcc/arm-none-eabi/7.3.1/../../../../arm-none-eabi/lib/thumb/v6-m/libc_nano.a(lib_a-wbuf.o)
 .ARM.attributes
                0x0000000000000569       0x2c /home/selim/.eclipse/com.st.stm32cube.ide.mcu.rcp.product_1.3.0_17665241_linux_gtk_x86_64/plugins/com.st.stm32cube.ide.mcu.externaltools.gnu-tools-for-stm32.7-2018-q2-update.linux64_1.4.0.202007081208/tools/bin/../lib/gcc/arm-none-eabi/7.3.1/../../../../arm-none-eabi/lib/thumb/v6-m/libc_nano.a(lib_a-wsetup.o)
 .ARM.attributes
                0x0000000000000595       0x2c /home/selim/.eclipse/com.st.stm32cube.ide.mcu.rcp.product_1.3.0_17665241_linux_gtk_x86_64/plugins/com.st.stm32cube.ide.mcu.externaltools.gnu-tools-for-stm32.7-2018-q2-update.linux64_1.4.0.202007081208/tools/bin/../lib/gcc/arm-none-eabi/7.3.1/../../../../arm-none-eabi/lib/thumb/v6-m/libc_nano.a(lib_a-fflush.o)
 .ARM.attributes
                0x00000000000005c1       0x2c /home/selim/.eclipse/com.st.stm32cube.ide.mcu.rcp.product_1.3.0_17665241_linux_gtk_x86_64/plugins/com.st.stm32cube.ide.mcu.externaltools.gnu-tools-for-stm32.7-2018-q2-update.linux64_1.4.0.202007081208/tools/bin/../lib/gcc/arm-none-eabi/7.3.1/../../../../arm-none-eabi/lib/thumb/v6-m/libc_nano.a(lib_a-findfp.o)
 .ARM.attributes
                0x00000000000005ed       0x2c /home/selim/.eclipse/com.st.stm32cube.ide.mcu.rcp.product_1.3.0_17665241_linux_gtk_x86_64/plugins/com.st.stm32cube.ide.mcu.externaltools.gnu-tools-for-stm32.7-2018-q2-update.linux64_1.4.0.202007081208/tools/bin/../lib/gcc/arm-none-eabi/7.3.1/../../../../arm-none-eabi/lib/thumb/v6-m/libc_nano.a(lib_a-fwalk.o)
 .ARM.attributes
                0x0000000000000619       0x2c /home/selim/.eclipse/com.st.stm32cube.ide.mcu.rcp.product_1.3.0_17665241_linux_gtk_x86_64/plugins/com.st.stm32cube.ide.mcu.externaltools.gnu-tools-for-stm32.7-2018-q2-update.linux64_1.4.0.202007081208/tools/bin/../lib/gcc/arm-none-eabi/7.3.1/../../../../arm-none-eabi/lib/thumb/v6-m/libc_nano.a(lib_a-makebuf.o)
 .ARM.attributes
                0x0000000000000645       0x2c /home/selim/.eclipse/com.st.stm32cube.ide.mcu.rcp.product_1.3.0_17665241_linux_gtk_x86_64/plugins/com.st.stm32cube.ide.mcu.externaltools.gnu-tools-for-stm32.7-2018-q2-update.linux64_1.4.0.202007081208/tools/bin/../lib/gcc/arm-none-eabi/7.3.1/../../../../arm-none-eabi/lib/thumb/v6-m/libc_nano.a(lib_a-nano-freer.o)
 .ARM.attributes
                0x0000000000000671       0x2c /home/selim/.eclipse/com.st.stm32cube.ide.mcu.rcp.product_1.3.0_17665241_linux_gtk_x86_64/plugins/com.st.stm32cube.ide.mcu.externaltools.gnu-tools-for-stm32.7-2018-q2-update.linux64_1.4.0.202007081208/tools/bin/../lib/gcc/arm-none-eabi/7.3.1/../../../../arm-none-eabi/lib/thumb/v6-m/libc_nano.a(lib_a-nano-mallocr.o)
 .ARM.attributes
                0x000000000000069d       0x2c /home/selim/.eclipse/com.st.stm32cube.ide.mcu.rcp.product_1.3.0_17665241_linux_gtk_x86_64/plugins/com.st.stm32cube.ide.mcu.externaltools.gnu-tools-for-stm32.7-2018-q2-update.linux64_1.4.0.202007081208/tools/bin/../lib/gcc/arm-none-eabi/7.3.1/../../../../arm-none-eabi/lib/thumb/v6-m/libc_nano.a(lib_a-nano-svfprintf.o)
 .ARM.attributes
                0x00000000000006c9       0x2c /home/selim/.eclipse/com.st.stm32cube.ide.mcu.rcp.product_1.3.0_17665241_linux_gtk_x86_64/plugins/com.st.stm32cube.ide.mcu.externaltools.gnu-tools-for-stm32.7-2018-q2-update.linux64_1.4.0.202007081208/tools/bin/../lib/gcc/arm-none-eabi/7.3.1/../../../../arm-none-eabi/lib/thumb/v6-m/libc_nano.a(lib_a-nano-vfprintf.o)
 .ARM.attributes
                0x00000000000006f5       0x2c /home/selim/.eclipse/com.st.stm32cube.ide.mcu.rcp.product_1.3.0_17665241_linux_gtk_x86_64/plugins/com.st.stm32cube.ide.mcu.externaltools.gnu-tools-for-stm32.7-2018-q2-update.linux64_1.4.0.202007081208/tools/bin/../lib/gcc/arm-none-eabi/7.3.1/../../../../arm-none-eabi/lib/thumb/v6-m/libc_nano.a(lib_a-nano-vfprintf_i.o)
 .ARM.attributes
                0x0000000000000721       0x2c /home/selim/.eclipse/com.st.stm32cube.ide.mcu.rcp.product_1.3.0_17665241_linux_gtk_x86_64/plugins/com.st.stm32cube.ide.mcu.externaltools.gnu-tools-for-stm32.7-2018-q2-update.linux64_1.4.0.202007081208/tools/bin/../lib/gcc/arm-none-eabi/7.3.1/../../../../arm-none-eabi/lib/thumb/v6-m/libc_nano.a(lib_a-sbrkr.o)
 .ARM.attributes
                0x000000000000074d       0x2c /home/selim/.eclipse/com.st.stm32cube.ide.mcu.rcp.product_1.3.0_17665241_linux_gtk_x86_64/plugins/com.st.stm32cube.ide.mcu.externaltools.gnu-tools-for-stm32.7-2018-q2-update.linux64_1.4.0.202007081208/tools/bin/../lib/gcc/arm-none-eabi/7.3.1/../../../../arm-none-eabi/lib/thumb/v6-m/libc_nano.a(lib_a-stdio.o)
 .ARM.attributes
                0x0000000000000779       0x2c /home/selim/.eclipse/com.st.stm32cube.ide.mcu.rcp.product_1.3.0_17665241_linux_gtk_x86_64/plugins/com.st.stm32cube.ide.mcu.externaltools.gnu-tools-for-stm32.7-2018-q2-update.linux64_1.4.0.202007081208/tools/bin/../lib/gcc/arm-none-eabi/7.3.1/../../../../arm-none-eabi/lib/thumb/v6-m/libc_nano.a(lib_a-writer.o)
 .ARM.attributes
                0x00000000000007a5       0x2c /home/selim/.eclipse/com.st.stm32cube.ide.mcu.rcp.product_1.3.0_17665241_linux_gtk_x86_64/plugins/com.st.stm32cube.ide.mcu.externaltools.gnu-tools-for-stm32.7-2018-q2-update.linux64_1.4.0.202007081208/tools/bin/../lib/gcc/arm-none-eabi/7.3.1/../../../../arm-none-eabi/lib/thumb/v6-m/libc_nano.a(lib_a-closer.o)
 .ARM.attributes
                0x00000000000007d1       0x2c /home/selim/.eclipse/com.st.stm32cube.ide.mcu.rcp.product_1.3.0_17665241_linux_gtk_x86_64/plugins/com.st.stm32cube.ide.mcu.externaltools.gnu-tools-for-stm32.7-2018-q2-update.linux64_1.4.0.202007081208/tools/bin/../lib/gcc/arm-none-eabi/7.3.1/../../../../arm-none-eabi/lib/thumb/v6-m/libc_nano.a(lib_a-fstatr.o)
 .ARM.attributes
                0x00000000000007fd       0x2c /home/selim/.eclipse/com.st.stm32cube.ide.mcu.rcp.product_1.3.0_17665241_linux_gtk_x86_64/plugins/com.st.stm32cube.ide.mcu.externaltools.gnu-tools-for-stm32.7-2018-q2-update.linux64_1.4.0.202007081208/tools/bin/../lib/gcc/arm-none-eabi/7.3.1/../../../../arm-none-eabi/lib/thumb/v6-m/libc_nano.a(lib_a-isattyr.o)
 .ARM.attributes
                0x0000000000000829       0x2c /home/selim/.eclipse/com.st.stm32cube.ide.mcu.rcp.product_1.3.0_17665241_linux_gtk_x86_64/plugins/com.st.stm32cube.ide.mcu.externaltools.gnu-tools-for-stm32.7-2018-q2-update.linux64_1.4.0.202007081208/tools/bin/../lib/gcc/arm-none-eabi/7.3.1/../../../../arm-none-eabi/lib/thumb/v6-m/libc_nano.a(lib_a-lseekr.o)
 .ARM.attributes
                0x0000000000000855       0x2c /home/selim/.eclipse/com.st.stm32cube.ide.mcu.rcp.product_1.3.0_17665241_linux_gtk_x86_64/plugins/com.st.stm32cube.ide.mcu.externaltools.gnu-tools-for-stm32.7-2018-q2-update.linux64_1.4.0.202007081208/tools/bin/../lib/gcc/arm-none-eabi/7.3.1/../../../../arm-none-eabi/lib/thumb/v6-m/libc_nano.a(lib_a-memchr-stub.o)
 .ARM.attributes
                0x0000000000000881       0x2c /home/selim/.eclipse/com.st.stm32cube.ide.mcu.rcp.product_1.3.0_17665241_linux_gtk_x86_64/plugins/com.st.stm32cube.ide.mcu.externaltools.gnu-tools-for-stm32.7-2018-q2-update.linux64_1.4.0.202007081208/tools/bin/../lib/gcc/arm-none-eabi/7.3.1/../../../../arm-none-eabi/lib/thumb/v6-m/libc_nano.a(lib_a-memmove.o)
 .ARM.attributes
                0x00000000000008ad       0x2c /home/selim/.eclipse/com.st.stm32cube.ide.mcu.rcp.product_1.3.0_17665241_linux_gtk_x86_64/plugins/com.st.stm32cube.ide.mcu.externaltools.gnu-tools-for-stm32.7-2018-q2-update.linux64_1.4.0.202007081208/tools/bin/../lib/gcc/arm-none-eabi/7.3.1/../../../../arm-none-eabi/lib/thumb/v6-m/libc_nano.a(lib_a-mlock.o)
 .ARM.attributes
                0x00000000000008d9       0x2c /home/selim/.eclipse/com.st.stm32cube.ide.mcu.rcp.product_1.3.0_17665241_linux_gtk_x86_64/plugins/com.st.stm32cube.ide.mcu.externaltools.gnu-tools-for-stm32.7-2018-q2-update.linux64_1.4.0.202007081208/tools/bin/../lib/gcc/arm-none-eabi/7.3.1/../../../../arm-none-eabi/lib/thumb/v6-m/libc_nano.a(lib_a-nano-reallocr.o)
 .ARM.attributes
                0x0000000000000905       0x2c /home/selim/.eclipse/com.st.stm32cube.ide.mcu.rcp.product_1.3.0_17665241_linux_gtk_x86_64/plugins/com.st.stm32cube.ide.mcu.externaltools.gnu-tools-for-stm32.7-2018-q2-update.linux64_1.4.0.202007081208/tools/bin/../lib/gcc/arm-none-eabi/7.3.1/../../../../arm-none-eabi/lib/thumb/v6-m/libc_nano.a(lib_a-readr.o)
 .ARM.attributes
                0x0000000000000931       0x2c /home/selim/.eclipse/com.st.stm32cube.ide.mcu.rcp.product_1.3.0_17665241_linux_gtk_x86_64/plugins/com.st.stm32cube.ide.mcu.externaltools.gnu-tools-for-stm32.7-2018-q2-update.linux64_1.4.0.202007081208/tools/bin/../lib/gcc/arm-none-eabi/7.3.1/../../../../arm-none-eabi/lib/thumb/v6-m/libc_nano.a(lib_a-reent.o)
 .ARM.attributes
                0x000000000000095d       0x2c /home/selim/.eclipse/com.st.stm32cube.ide.mcu.rcp.product_1.3.0_17665241_linux_gtk_x86_64/plugins/com.st.stm32cube.ide.mcu.externaltools.gnu-tools-for-stm32.7-2018-q2-update.linux64_1.4.0.202007081208/tools/bin/../lib/gcc/arm-none-eabi/7.3.1/../../../../arm-none-eabi/lib/thumb/v6-m/libc_nano.a(lib_a-nano-msizer.o)
 .ARM.attributes
                0x0000000000000989       0x1e /home/selim/.eclipse/com.st.stm32cube.ide.mcu.rcp.product_1.3.0_17665241_linux_gtk_x86_64/plugins/com.st.stm32cube.ide.mcu.externaltools.gnu-tools-for-stm32.7-2018-q2-update.linux64_1.4.0.202007081208/tools/bin/../lib/gcc/arm-none-eabi/7.3.1/thumb/v6-m/libgcc.a(_udivsi3.o)
 .ARM.attributes
                0x00000000000009a7       0x1e /home/selim/.eclipse/com.st.stm32cube.ide.mcu.rcp.product_1.3.0_17665241_linux_gtk_x86_64/plugins/com.st.stm32cube.ide.mcu.externaltools.gnu-tools-for-stm32.7-2018-q2-update.linux64_1.4.0.202007081208/tools/bin/../lib/gcc/arm-none-eabi/7.3.1/thumb/v6-m/libgcc.a(_dvmd_tls.o)
 .ARM.attributes
                0x00000000000009c5       0x1e /home/selim/.eclipse/com.st.stm32cube.ide.mcu.rcp.product_1.3.0_17665241_linux_gtk_x86_64/plugins/com.st.stm32cube.ide.mcu.externaltools.gnu-tools-for-stm32.7-2018-q2-update.linux64_1.4.0.202007081208/tools/bin/../lib/gcc/arm-none-eabi/7.3.1/thumb/v6-m/libgcc.a(_aeabi_uldivmod.o)
 .ARM.attributes
                0x00000000000009e3       0x2c /home/selim/.eclipse/com.st.stm32cube.ide.mcu.rcp.product_1.3.0_17665241_linux_gtk_x86_64/plugins/com.st.stm32cube.ide.mcu.externaltools.gnu-tools-for-stm32.7-2018-q2-update.linux64_1.4.0.202007081208/tools/bin/../lib/gcc/arm-none-eabi/7.3.1/thumb/v6-m/libgcc.a(_udivmoddi4.o)
 .ARM.attributes
                0x0000000000000a0f       0x1e /home/selim/.eclipse/com.st.stm32cube.ide.mcu.rcp.product_1.3.0_17665241_linux_gtk_x86_64/plugins/com.st.stm32cube.ide.mcu.externaltools.gnu-tools-for-stm32.7-2018-q2-update.linux64_1.4.0.202007081208/tools/bin/../lib/gcc/arm-none-eabi/7.3.1/thumb/v6-m/libgcc.a(_clzdi2.o)
 .ARM.attributes
                0x0000000000000a2d       0x1e /home/selim/.eclipse/com.st.stm32cube.ide.mcu.rcp.product_1.3.0_17665241_linux_gtk_x86_64/plugins/com.st.stm32cube.ide.mcu.externaltools.gnu-tools-for-stm32.7-2018-q2-update.linux64_1.4.0.202007081208/tools/bin/../lib/gcc/arm-none-eabi/7.3.1/thumb/v6-m/libgcc.a(_clzsi2.o)
 .ARM.attributes
                0x0000000000000a4b       0x1e /home/selim/.eclipse/com.st.stm32cube.ide.mcu.rcp.product_1.3.0_17665241_linux_gtk_x86_64/plugins/com.st.stm32cube.ide.mcu.externaltools.gnu-tools-for-stm32.7-2018-q2-update.linux64_1.4.0.202007081208/tools/bin/../lib/gcc/arm-none-eabi/7.3.1/thumb/v6-m/crtn.o
OUTPUT(LoraRadio.elf elf32-littlearm)

.debug_info     0x0000000000000000     0xb9c4
 .debug_info    0x0000000000000000      0x3d1 Core/Src/gpio.o
 .debug_info    0x00000000000003d1     0x169e Core/Src/main.o
 .debug_info    0x0000000000001a6f      0x8a1 Core/Src/spi.o
 .debug_info    0x0000000000002310      0x25e Core/Src/stm32f0xx_hal_msp.o
 .debug_info    0x000000000000256e      0x1a2 Core/Src/stm32f0xx_it.o
 .debug_info    0x0000000000002710      0xebd Core/Src/syscalls.o
 .debug_info    0x00000000000035cd      0x91c Core/Src/sysmem.o
 .debug_info    0x0000000000003ee9      0x29e Core/Src/system_stm32f0xx.o
 .debug_info    0x0000000000004187      0x901 Core/Src/usart.o
 .debug_info    0x0000000000004a88       0x22 Core/Startup/startup_stm32f072rbtx.o
 .debug_info    0x0000000000004aaa      0x6c0 Drivers/STM32F0xx_HAL_Driver/Src/stm32f0xx_hal.o
 .debug_info    0x000000000000516a      0x78c Drivers/STM32F0xx_HAL_Driver/Src/stm32f0xx_hal_cortex.o
 .debug_info    0x00000000000058f6      0x689 Drivers/STM32F0xx_HAL_Driver/Src/stm32f0xx_hal_gpio.o
 .debug_info    0x0000000000005f7f      0x82d Drivers/STM32F0xx_HAL_Driver/Src/stm32f0xx_hal_rcc.o
 .debug_info    0x00000000000067ac      0x677 Drivers/STM32F0xx_HAL_Driver/Src/stm32f0xx_hal_rcc_ex.o
 .debug_info    0x0000000000006e23     0x1603 Drivers/STM32F0xx_HAL_Driver/Src/stm32f0xx_hal_spi.o
 .debug_info    0x0000000000008426     0x1577 Drivers/STM32F0xx_HAL_Driver/Src/stm32f0xx_hal_uart.o
 .debug_info    0x000000000000999d     0x1050 SX1278/driver/SX1278.o
 .debug_info    0x000000000000a9ed      0xfd7 SX1278/driver/SX1278_hw.o

.debug_abbrev   0x0000000000000000     0x2020
 .debug_abbrev  0x0000000000000000      0x134 Core/Src/gpio.o
 .debug_abbrev  0x0000000000000134      0x264 Core/Src/main.o
 .debug_abbrev  0x0000000000000398      0x199 Core/Src/spi.o
 .debug_abbrev  0x0000000000000531      0x109 Core/Src/stm32f0xx_hal_msp.o
 .debug_abbrev  0x000000000000063a       0xc6 Core/Src/stm32f0xx_it.o
 .debug_abbrev  0x0000000000000700      0x261 Core/Src/syscalls.o
 .debug_abbrev  0x0000000000000961      0x1bb Core/Src/sysmem.o
 .debug_abbrev  0x0000000000000b1c      0x12b Core/Src/system_stm32f0xx.o
 .debug_abbrev  0x0000000000000c47      0x199 Core/Src/usart.o
 .debug_abbrev  0x0000000000000de0       0x12 Core/Startup/startup_stm32f072rbtx.o
 .debug_abbrev  0x0000000000000df2      0x1c7 Drivers/STM32F0xx_HAL_Driver/Src/stm32f0xx_hal.o
 .debug_abbrev  0x0000000000000fb9      0x273 Drivers/STM32F0xx_HAL_Driver/Src/stm32f0xx_hal_cortex.o
 .debug_abbrev  0x000000000000122c      0x1c0 Drivers/STM32F0xx_HAL_Driver/Src/stm32f0xx_hal_gpio.o
 .debug_abbrev  0x00000000000013ec      0x20f Drivers/STM32F0xx_HAL_Driver/Src/stm32f0xx_hal_rcc.o
 .debug_abbrev  0x00000000000015fb      0x1a7 Drivers/STM32F0xx_HAL_Driver/Src/stm32f0xx_hal_rcc_ex.o
 .debug_abbrev  0x00000000000017a2      0x228 Drivers/STM32F0xx_HAL_Driver/Src/stm32f0xx_hal_spi.o
 .debug_abbrev  0x00000000000019ca      0x205 Drivers/STM32F0xx_HAL_Driver/Src/stm32f0xx_hal_uart.o
 .debug_abbrev  0x0000000000001bcf      0x24c SX1278/driver/SX1278.o
 .debug_abbrev  0x0000000000001e1b      0x205 SX1278/driver/SX1278_hw.o

.debug_aranges  0x0000000000000000      0xa00
 .debug_aranges
                0x0000000000000000       0x20 Core/Src/gpio.o
 .debug_aranges
                0x0000000000000020       0x38 Core/Src/main.o
 .debug_aranges
                0x0000000000000058       0x30 Core/Src/spi.o
 .debug_aranges
                0x0000000000000088       0x20 Core/Src/stm32f0xx_hal_msp.o
 .debug_aranges
                0x00000000000000a8       0x40 Core/Src/stm32f0xx_it.o
 .debug_aranges
                0x00000000000000e8       0xa8 Core/Src/syscalls.o
 .debug_aranges
                0x0000000000000190       0x20 Core/Src/sysmem.o
 .debug_aranges
                0x00000000000001b0       0x28 Core/Src/system_stm32f0xx.o
 .debug_aranges
                0x00000000000001d8       0x30 Core/Src/usart.o
 .debug_aranges
                0x0000000000000208       0x28 Core/Startup/startup_stm32f072rbtx.o
 .debug_aranges
                0x0000000000000230       0xd0 Drivers/STM32F0xx_HAL_Driver/Src/stm32f0xx_hal.o
 .debug_aranges
                0x0000000000000300       0xc0 Drivers/STM32F0xx_HAL_Driver/Src/stm32f0xx_hal_cortex.o
 .debug_aranges
                0x00000000000003c0       0x58 Drivers/STM32F0xx_HAL_Driver/Src/stm32f0xx_hal_gpio.o
 .debug_aranges
                0x0000000000000418       0x80 Drivers/STM32F0xx_HAL_Driver/Src/stm32f0xx_hal_rcc.o
 .debug_aranges
                0x0000000000000498       0x78 Drivers/STM32F0xx_HAL_Driver/Src/stm32f0xx_hal_rcc_ex.o
 .debug_aranges
                0x0000000000000510      0x1d8 Drivers/STM32F0xx_HAL_Driver/Src/stm32f0xx_hal_spi.o
 .debug_aranges
                0x00000000000006e8      0x210 Drivers/STM32F0xx_HAL_Driver/Src/stm32f0xx_hal_uart.o
 .debug_aranges
                0x00000000000008f8       0xb8 SX1278/driver/SX1278.o
 .debug_aranges
                0x00000000000009b0       0x50 SX1278/driver/SX1278_hw.o

.debug_ranges   0x0000000000000000      0x8d8
 .debug_ranges  0x0000000000000000       0x10 Core/Src/gpio.o
 .debug_ranges  0x0000000000000010       0x28 Core/Src/main.o
 .debug_ranges  0x0000000000000038       0x20 Core/Src/spi.o
 .debug_ranges  0x0000000000000058       0x10 Core/Src/stm32f0xx_hal_msp.o
 .debug_ranges  0x0000000000000068       0x30 Core/Src/stm32f0xx_it.o
 .debug_ranges  0x0000000000000098       0x98 Core/Src/syscalls.o
 .debug_ranges  0x0000000000000130       0x10 Core/Src/sysmem.o
 .debug_ranges  0x0000000000000140       0x18 Core/Src/system_stm32f0xx.o
 .debug_ranges  0x0000000000000158       0x20 Core/Src/usart.o
 .debug_ranges  0x0000000000000178       0x20 Core/Startup/startup_stm32f072rbtx.o
 .debug_ranges  0x0000000000000198       0xc0 Drivers/STM32F0xx_HAL_Driver/Src/stm32f0xx_hal.o
 .debug_ranges  0x0000000000000258       0xb0 Drivers/STM32F0xx_HAL_Driver/Src/stm32f0xx_hal_cortex.o
 .debug_ranges  0x0000000000000308       0x48 Drivers/STM32F0xx_HAL_Driver/Src/stm32f0xx_hal_gpio.o
 .debug_ranges  0x0000000000000350       0x70 Drivers/STM32F0xx_HAL_Driver/Src/stm32f0xx_hal_rcc.o
 .debug_ranges  0x00000000000003c0       0x68 Drivers/STM32F0xx_HAL_Driver/Src/stm32f0xx_hal_rcc_ex.o
 .debug_ranges  0x0000000000000428      0x1c8 Drivers/STM32F0xx_HAL_Driver/Src/stm32f0xx_hal_spi.o
 .debug_ranges  0x00000000000005f0      0x200 Drivers/STM32F0xx_HAL_Driver/Src/stm32f0xx_hal_uart.o
 .debug_ranges  0x00000000000007f0       0xa8 SX1278/driver/SX1278.o
 .debug_ranges  0x0000000000000898       0x40 SX1278/driver/SX1278_hw.o

.debug_macro    0x0000000000000000    0x17cb5
 .debug_macro   0x0000000000000000      0x1d3 Core/Src/gpio.o
 .debug_macro   0x00000000000001d3      0xa48 Core/Src/gpio.o
 .debug_macro   0x0000000000000c1b      0x133 Core/Src/gpio.o
 .debug_macro   0x0000000000000d4e       0x2e Core/Src/gpio.o
 .debug_macro   0x0000000000000d7c       0x22 Core/Src/gpio.o
 .debug_macro   0x0000000000000d9e       0x22 Core/Src/gpio.o
 .debug_macro   0x0000000000000dc0       0x8e Core/Src/gpio.o
 .debug_macro   0x0000000000000e4e       0x51 Core/Src/gpio.o
 .debug_macro   0x0000000000000e9f       0xef Core/Src/gpio.o
 .debug_macro   0x0000000000000f8e       0x6a Core/Src/gpio.o
 .debug_macro   0x0000000000000ff8      0x1df Core/Src/gpio.o
 .debug_macro   0x00000000000011d7       0x1c Core/Src/gpio.o
 .debug_macro   0x00000000000011f3       0x22 Core/Src/gpio.o
 .debug_macro   0x0000000000001215       0xb5 Core/Src/gpio.o
 .debug_macro   0x00000000000012ca      0x391 Core/Src/gpio.o
 .debug_macro   0x000000000000165b     0xfe50 Core/Src/gpio.o
 .debug_macro   0x00000000000114ab       0x3c Core/Src/gpio.o
 .debug_macro   0x00000000000114e7      0x174 Core/Src/gpio.o
 .debug_macro   0x000000000001165b       0x54 Core/Src/gpio.o
 .debug_macro   0x00000000000116af      0x946 Core/Src/gpio.o
 .debug_macro   0x0000000000011ff5      0x5f3 Core/Src/gpio.o
 .debug_macro   0x00000000000125e8      0x12f Core/Src/gpio.o
 .debug_macro   0x0000000000012717      0x1a7 Core/Src/gpio.o
 .debug_macro   0x00000000000128be      0x1a7 Core/Src/gpio.o
 .debug_macro   0x0000000000012a65      0x22c Core/Src/gpio.o
 .debug_macro   0x0000000000012c91       0x34 Core/Src/gpio.o
 .debug_macro   0x0000000000012cc5       0x43 Core/Src/gpio.o
 .debug_macro   0x0000000000012d08       0x28 Core/Src/gpio.o
 .debug_macro   0x0000000000012d30       0xb0 Core/Src/gpio.o
 .debug_macro   0x0000000000012de0      0x217 Core/Src/gpio.o
 .debug_macro   0x0000000000012ff7      0x22c Core/Src/gpio.o
 .debug_macro   0x0000000000013223       0x60 Core/Src/gpio.o
 .debug_macro   0x0000000000013283       0xa5 Core/Src/gpio.o
 .debug_macro   0x0000000000013328       0x4c Core/Src/gpio.o
 .debug_macro   0x0000000000013374      0x16d Core/Src/gpio.o
 .debug_macro   0x00000000000134e1      0x305 Core/Src/gpio.o
 .debug_macro   0x00000000000137e6      0x589 Core/Src/gpio.o
 .debug_macro   0x0000000000013d6f       0x44 Core/Src/gpio.o
 .debug_macro   0x0000000000013db3      0x130 Core/Src/gpio.o
 .debug_macro   0x0000000000013ee3       0x7c Core/Src/gpio.o
 .debug_macro   0x0000000000013f5f      0x369 Core/Src/main.o
 .debug_macro   0x00000000000142c8       0x46 Core/Src/main.o
 .debug_macro   0x000000000001430e       0x18 Core/Src/main.o
 .debug_macro   0x0000000000014326       0x3c Core/Src/main.o
 .debug_macro   0x0000000000014362       0x34 Core/Src/main.o
 .debug_macro   0x0000000000014396       0x16 Core/Src/main.o
 .debug_macro   0x00000000000143ac       0x35 Core/Src/main.o
 .debug_macro   0x00000000000143e1      0x32a Core/Src/main.o
 .debug_macro   0x000000000001470b       0x10 Core/Src/main.o
 .debug_macro   0x000000000001471b       0x52 Core/Src/main.o
 .debug_macro   0x000000000001476d       0x1f Core/Src/main.o
 .debug_macro   0x000000000001478c       0x43 Core/Src/main.o
 .debug_macro   0x00000000000147cf       0x20 Core/Src/main.o
 .debug_macro   0x00000000000147ef      0x1a3 Core/Src/main.o
 .debug_macro   0x0000000000014992       0x10 Core/Src/main.o
 .debug_macro   0x00000000000149a2       0x1c Core/Src/main.o
 .debug_macro   0x00000000000149be       0x52 Core/Src/main.o
 .debug_macro   0x0000000000014a10       0x40 Core/Src/main.o
 .debug_macro   0x0000000000014a50       0x10 Core/Src/main.o
 .debug_macro   0x0000000000014a60       0x40 Core/Src/main.o
 .debug_macro   0x0000000000014aa0       0xd7 Core/Src/main.o
 .debug_macro   0x0000000000014b77       0x1c Core/Src/main.o
 .debug_macro   0x0000000000014b93       0x3d Core/Src/main.o
 .debug_macro   0x0000000000014bd0       0x16 Core/Src/main.o
 .debug_macro   0x0000000000014be6      0x145 Core/Src/main.o
 .debug_macro   0x0000000000014d2b       0x22 Core/Src/main.o
 .debug_macro   0x0000000000014d4d      0x38a Core/Src/main.o
 .debug_macro   0x00000000000150d7      0x1d3 Core/Src/spi.o
 .debug_macro   0x00000000000152aa      0x1c9 Core/Src/stm32f0xx_hal_msp.o
 .debug_macro   0x0000000000015473      0x1d3 Core/Src/stm32f0xx_it.o
 .debug_macro   0x0000000000015646      0x243 Core/Src/syscalls.o
 .debug_macro   0x0000000000015889       0x40 Core/Src/syscalls.o
 .debug_macro   0x00000000000158c9       0x94 Core/Src/syscalls.o
 .debug_macro   0x000000000001595d       0x57 Core/Src/syscalls.o
 .debug_macro   0x00000000000159b4      0x330 Core/Src/syscalls.o
 .debug_macro   0x0000000000015ce4       0x10 Core/Src/syscalls.o
 .debug_macro   0x0000000000015cf4       0x10 Core/Src/syscalls.o
 .debug_macro   0x0000000000015d04       0x10 Core/Src/syscalls.o
 .debug_macro   0x0000000000015d14       0x35 Core/Src/syscalls.o
 .debug_macro   0x0000000000015d49      0x122 Core/Src/syscalls.o
 .debug_macro   0x0000000000015e6b       0x16 Core/Src/syscalls.o
 .debug_macro   0x0000000000015e81       0x16 Core/Src/syscalls.o
 .debug_macro   0x0000000000015e97       0x29 Core/Src/syscalls.o
 .debug_macro   0x0000000000015ec0       0x10 Core/Src/syscalls.o
 .debug_macro   0x0000000000015ed0      0x241 Core/Src/syscalls.o
 .debug_macro   0x0000000000016111       0x1c Core/Src/syscalls.o
 .debug_macro   0x000000000001612d       0x10 Core/Src/syscalls.o
 .debug_macro   0x000000000001613d      0x189 Core/Src/syscalls.o
 .debug_macro   0x00000000000162c6       0x16 Core/Src/syscalls.o
 .debug_macro   0x00000000000162dc       0x88 Core/Src/syscalls.o
 .debug_macro   0x0000000000016364      0x1ae Core/Src/sysmem.o
 .debug_macro   0x0000000000016512      0x23b Core/Src/sysmem.o
 .debug_macro   0x000000000001674d      0x1ba Core/Src/system_stm32f0xx.o
 .debug_macro   0x0000000000016907      0x1d3 Core/Src/usart.o
 .debug_macro   0x0000000000016ada      0x1de Drivers/STM32F0xx_HAL_Driver/Src/stm32f0xx_hal.o
 .debug_macro   0x0000000000016cb8      0x1ba Drivers/STM32F0xx_HAL_Driver/Src/stm32f0xx_hal_cortex.o
 .debug_macro   0x0000000000016e72      0x1f2 Drivers/STM32F0xx_HAL_Driver/Src/stm32f0xx_hal_gpio.o
 .debug_macro   0x0000000000017064      0x1cc Drivers/STM32F0xx_HAL_Driver/Src/stm32f0xx_hal_rcc.o
 .debug_macro   0x0000000000017230      0x1cc Drivers/STM32F0xx_HAL_Driver/Src/stm32f0xx_hal_rcc_ex.o
 .debug_macro   0x00000000000173fc      0x1c2 Drivers/STM32F0xx_HAL_Driver/Src/stm32f0xx_hal_spi.o
 .debug_macro   0x00000000000175be      0x1d7 Drivers/STM32F0xx_HAL_Driver/Src/stm32f0xx_hal_uart.o
 .debug_macro   0x0000000000017795      0x14b SX1278/driver/SX1278.o
 .debug_macro   0x00000000000178e0       0x10 SX1278/driver/SX1278.o
 .debug_macro   0x00000000000178f0       0x20 SX1278/driver/SX1278.o
 .debug_macro   0x0000000000017910      0x2a8 SX1278/driver/SX1278_hw.o
 .debug_macro   0x0000000000017bb8       0xaf SX1278/driver/SX1278_hw.o
 .debug_macro   0x0000000000017c67       0x4e SX1278/driver/SX1278_hw.o

.debug_line     0x0000000000000000     0xacfa
 .debug_line    0x0000000000000000      0x78b Core/Src/gpio.o
 .debug_line    0x000000000000078b      0xa72 Core/Src/main.o
 .debug_line    0x00000000000011fd      0x7aa Core/Src/spi.o
 .debug_line    0x00000000000019a7      0x774 Core/Src/stm32f0xx_hal_msp.o
 .debug_line    0x000000000000211b      0x7c8 Core/Src/stm32f0xx_it.o
 .debug_line    0x00000000000028e3      0x84c Core/Src/syscalls.o
 .debug_line    0x000000000000312f      0x66c Core/Src/sysmem.o
 .debug_line    0x000000000000379b      0x797 Core/Src/system_stm32f0xx.o
 .debug_line    0x0000000000003f32      0x7aa Core/Src/usart.o
 .debug_line    0x00000000000046dc       0x89 Core/Startup/startup_stm32f072rbtx.o
 .debug_line    0x0000000000004765      0x92a Drivers/STM32F0xx_HAL_Driver/Src/stm32f0xx_hal.o
 .debug_line    0x000000000000508f      0x942 Drivers/STM32F0xx_HAL_Driver/Src/stm32f0xx_hal_cortex.o
 .debug_line    0x00000000000059d1      0x902 Drivers/STM32F0xx_HAL_Driver/Src/stm32f0xx_hal_gpio.o
 .debug_line    0x00000000000062d3      0xa17 Drivers/STM32F0xx_HAL_Driver/Src/stm32f0xx_hal_rcc.o
 .debug_line    0x0000000000006cea      0x9c3 Drivers/STM32F0xx_HAL_Driver/Src/stm32f0xx_hal_rcc_ex.o
 .debug_line    0x00000000000076ad     0x11ff Drivers/STM32F0xx_HAL_Driver/Src/stm32f0xx_hal_spi.o
 .debug_line    0x00000000000088ac     0x1288 Drivers/STM32F0xx_HAL_Driver/Src/stm32f0xx_hal_uart.o
 .debug_line    0x0000000000009b34      0x82b SX1278/driver/SX1278.o
 .debug_line    0x000000000000a35f      0x99b SX1278/driver/SX1278_hw.o

.debug_str      0x0000000000000000    0x7c51e
 .debug_str     0x0000000000000000    0x73e7a Core/Src/gpio.o
                                      0x74079 (size before relaxing)
 .debug_str     0x0000000000073e7a     0x5476 Core/Src/main.o
                                      0x79570 (size before relaxing)
 .debug_str     0x00000000000792f0       0x4b Core/Src/spi.o
                                      0x7447c (size before relaxing)
 .debug_str     0x000000000007933b       0x2c Core/Src/stm32f0xx_hal_msp.o
                                      0x73fde (size before relaxing)
 .debug_str     0x0000000000079367       0x76 Core/Src/stm32f0xx_it.o
                                      0x73fce (size before relaxing)
 .debug_str     0x00000000000793dd     0x11f8 Core/Src/syscalls.o
                                       0x87eb (size before relaxing)
 .debug_str     0x000000000007a5d5       0x36 Core/Src/sysmem.o
                                       0x7a44 (size before relaxing)
 .debug_str     0x000000000007a60b       0x5f Core/Src/system_stm32f0xx.o
                                      0x73e5d (size before relaxing)
 .debug_str     0x000000000007a66a       0x57 Core/Src/usart.o
                                      0x74484 (size before relaxing)
 .debug_str     0x000000000007a6c1       0x36 Core/Startup/startup_stm32f072rbtx.o
                                         0x6f (size before relaxing)
 .debug_str     0x000000000007a6f7      0x4ed Drivers/STM32F0xx_HAL_Driver/Src/stm32f0xx_hal.o